
================================================================================
Timestamp: 2025-08-27 16:45:26.486174
Traceback (most recent call last):
  File "seq_lstm/LSTM_brute.py", line 548, in <module>
    main()
  File "seq_lstm/LSTM_brute.py", line 266, in main
    with open(CONFIG_FILE_PATH, 'r') as f:
FileNotFoundError: [Errno 2] No such file or directory: 'model_configs_seq2.txt'
================================================================================

================================================================================
Timestamp: 2025-09-01 18:11:24.713478
Traceback (most recent call last):
  File "/home/ritwik/ML_heave/seq_lstm/torchscript_converter.py", line 16, in <module>
    ckpt = torch.load(model_folder_ckpt_pt, map_location=device)
  File "/home/ritwik/.local/lib/python3.8/site-packages/torch/serialization.py", line 1065, in load
    with _open_file_like(f, 'rb') as opened_file:
  File "/home/ritwik/.local/lib/python3.8/site-packages/torch/serialization.py", line 468, in _open_file_like
    return _open_file(name_or_buffer, mode)
  File "/home/ritwik/.local/lib/python3.8/site-packages/torch/serialization.py", line 449, in __init__
    super().__init__(open(name, mode))
FileNotFoundError: [Errno 2] No such file or directory: 'noisyLSTM_models_seq/noisy_D1_LSTM_40_6_2048_1024/epoch_100.pt'
================================================================================

================================================================================
Timestamp: 2025-09-01 18:11:51.094979
Traceback (most recent call last):
  File "/home/ritwik/ML_heave/seq_lstm/torchscript_converter.py", line 16, in <module>
    ckpt = torch.load(model_folder_ckpt_pt, map_location=device)
  File "/home/ritwik/.local/lib/python3.8/site-packages/torch/serialization.py", line 1065, in load
    with _open_file_like(f, 'rb') as opened_file:
  File "/home/ritwik/.local/lib/python3.8/site-packages/torch/serialization.py", line 468, in _open_file_like
    return _open_file(name_or_buffer, mode)
  File "/home/ritwik/.local/lib/python3.8/site-packages/torch/serialization.py", line 449, in __init__
    super().__init__(open(name, mode))
FileNotFoundError: [Errno 2] No such file or directory: 'noisyLSTM_models_seq/noisy_D1_LSTM_40_6_2048_1024/epoch_100.pt'
================================================================================

================================================================================
Timestamp: 2025-09-01 18:21:32.266906
Traceback (most recent call last):
  File "/home/ritwik/ML_heave/seq_lstm/torchscript_converter.py", line 16, in <module>
    ckpt = torch.load(model_folder_ckpt_pt, map_location=device)
  File "/home/ritwik/.local/lib/python3.8/site-packages/torch/serialization.py", line 1065, in load
    with _open_file_like(f, 'rb') as opened_file:
  File "/home/ritwik/.local/lib/python3.8/site-packages/torch/serialization.py", line 468, in _open_file_like
    return _open_file(name_or_buffer, mode)
  File "/home/ritwik/.local/lib/python3.8/site-packages/torch/serialization.py", line 449, in __init__
    super().__init__(open(name, mode))
FileNotFoundError: [Errno 2] No such file or directory: 'noisyLSTM_models_seq/noisy_D1_LSTM_40_6_2048_1024/epoch_400.pt'
================================================================================

================================================================================
Timestamp: 2025-09-01 18:21:58.450433
Traceback (most recent call last):
  File "/home/ritwik/ML_heave/seq_lstm/torchscript_converter.py", line 17, in <module>
    ckpt = torch.load(model_folder_ckpt_pt, map_location=device)
  File "/home/ritwik/.local/lib/python3.8/site-packages/torch/serialization.py", line 1065, in load
    with _open_file_like(f, 'rb') as opened_file:
  File "/home/ritwik/.local/lib/python3.8/site-packages/torch/serialization.py", line 468, in _open_file_like
    return _open_file(name_or_buffer, mode)
  File "/home/ritwik/.local/lib/python3.8/site-packages/torch/serialization.py", line 449, in __init__
    super().__init__(open(name, mode))
FileNotFoundError: [Errno 2] No such file or directory: 'noisyLSTM_models_seq/noisy_D1_LSTM_40_6_2048_1024/epoch_400.pt'
================================================================================

================================================================================
Timestamp: 2025-09-01 18:22:13.579930
Traceback (most recent call last):
  File "/home/ritwik/ML_heave/seq_lstm/torchscript_converter.py", line 17, in <module>
    ckpt = torch.load(model_folder_ckpt_pt, map_location=device)
  File "/home/ritwik/.local/lib/python3.8/site-packages/torch/serialization.py", line 1065, in load
    with _open_file_like(f, 'rb') as opened_file:
  File "/home/ritwik/.local/lib/python3.8/site-packages/torch/serialization.py", line 468, in _open_file_like
    return _open_file(name_or_buffer, mode)
  File "/home/ritwik/.local/lib/python3.8/site-packages/torch/serialization.py", line 449, in __init__
    super().__init__(open(name, mode))
FileNotFoundError: [Errno 2] No such file or directory: 'noisyLSTM_models_seq/noisy_D1_LSTM_40_6_2048_1024/epoch_400.pt'
================================================================================

================================================================================
Timestamp: 2025-09-01 18:22:42.013521
Traceback (most recent call last):
  File "/home/ritwik/ML_heave/seq_lstm/torchscript_converter.py", line 17, in <module>
    ckpt = torch.load(model_folder_ckpt_pt, map_location=device)
  File "/home/ritwik/.local/lib/python3.8/site-packages/torch/serialization.py", line 1065, in load
    with _open_file_like(f, 'rb') as opened_file:
  File "/home/ritwik/.local/lib/python3.8/site-packages/torch/serialization.py", line 468, in _open_file_like
    return _open_file(name_or_buffer, mode)
  File "/home/ritwik/.local/lib/python3.8/site-packages/torch/serialization.py", line 449, in __init__
    super().__init__(open(name, mode))
FileNotFoundError: [Errno 2] No such file or directory: 'noisyLSTM_models_seq/noisy_D1_LSTM_40_6_2048_1024/epoch_400.pt'
================================================================================

================================================================================
Timestamp: 2025-09-01 18:23:50.554362
Traceback (most recent call last):
  File "/home/ritwik/ML_heave/seq_lstm/torchscript_converter.py", line 17, in <module>
    ckpt = torch.load(model_folder_ckpt_pt, map_location=device)
  File "/home/ritwik/.local/lib/python3.8/site-packages/torch/serialization.py", line 1065, in load
    with _open_file_like(f, 'rb') as opened_file:
  File "/home/ritwik/.local/lib/python3.8/site-packages/torch/serialization.py", line 468, in _open_file_like
    return _open_file(name_or_buffer, mode)
  File "/home/ritwik/.local/lib/python3.8/site-packages/torch/serialization.py", line 449, in __init__
    super().__init__(open(name, mode))
FileNotFoundError: [Errno 2] No such file or directory: 'noisyLSTM_models_seq/noisy_D1_LSTM_40_6_2048_1024/epoch_400.pt'
================================================================================

================================================================================
Timestamp: 2025-09-01 18:24:03.244756
Traceback (most recent call last):
  File "/home/ritwik/ML_heave/seq_lstm/torchscript_converter.py", line 17, in <module>
    ckpt = torch.load(model_folder_ckpt_pt, map_location=device)
  File "/home/ritwik/.local/lib/python3.8/site-packages/torch/serialization.py", line 1065, in load
    with _open_file_like(f, 'rb') as opened_file:
  File "/home/ritwik/.local/lib/python3.8/site-packages/torch/serialization.py", line 468, in _open_file_like
    return _open_file(name_or_buffer, mode)
  File "/home/ritwik/.local/lib/python3.8/site-packages/torch/serialization.py", line 449, in __init__
    super().__init__(open(name, mode))
FileNotFoundError: [Errno 2] No such file or directory: 'noisyLSTM_models_seq/noisy_D1_LSTM_40_6_2048_1024/epoch_400.pt'
================================================================================
