
================================================================================
Timestamp: 2025-08-20 10:59:42.210591
Traceback (most recent call last):
  File "/home/cp/ritwik/ML_heave/seq/GRU_brute.py", line 527, in <module>
    main()
  File "/home/cp/ritwik/ML_heave/seq/GRU_brute.py", line 367, in main
    loss.backward()
  File "/mnt/softwares/one/pypack/lib/python3.10/site-packages/torch/_tensor.py", line 647, in backward
    torch.autograd.backward(
  File "/mnt/softwares/one/pypack/lib/python3.10/site-packages/torch/autograd/__init__.py", line 354, in backward
    _engine_run_backward(
  File "/mnt/softwares/one/pypack/lib/python3.10/site-packages/torch/autograd/graph.py", line 829, in _engine_run_backward
    return Variable._execution_engine.run_backward(  # Calls into the C++ engine to run the backward pass
KeyboardInterrupt
================================================================================

================================================================================
Timestamp: 2025-08-20 11:04:09.423057
Traceback (most recent call last):
  File "/home/cp/ritwik/ML_heave/seq/GRU_brute.py", line 527, in <module>
    main()
  File "/home/cp/ritwik/ML_heave/seq/GRU_brute.py", line 370, in main
    total_loss += float(loss.item())
KeyboardInterrupt
================================================================================

================================================================================
Timestamp: 2025-08-23 14:57:27.422269
Traceback (most recent call last):
  File "/home/cp/ritwik/ML_heave/seq/GRU_brute.py", line 527, in <module>
    main()
  File "/home/cp/ritwik/ML_heave/seq/GRU_brute.py", line 370, in main
    total_loss += float(loss.item())
KeyboardInterrupt
================================================================================

================================================================================
Timestamp: 2025-08-25 18:42:48.406486
Traceback (most recent call last):
  File "/home/cp/ritwik/ML_heave/seq/GRU_brute.py", line 532, in <module>
    main()
  File "/home/cp/ritwik/ML_heave/seq/GRU_brute.py", line 375, in main
    total_loss += float(loss.item())
KeyboardInterrupt
================================================================================

================================================================================
Timestamp: 2025-08-25 18:48:09.512512
Traceback (most recent call last):
  File "/home/cp/ritwik/ML_heave/seq/GRU_brute.py", line 532, in <module>
    main()
  File "/home/cp/ritwik/ML_heave/seq/GRU_brute.py", line 375, in main
    total_loss += float(loss.item())
KeyboardInterrupt
================================================================================

================================================================================
Timestamp: 2025-08-25 18:51:30.329221
Traceback (most recent call last):
  File "/home/cp/ritwik/ML_heave/seq/GRU_brute.py", line 532, in <module>
    main()
  File "/home/cp/ritwik/ML_heave/seq/GRU_brute.py", line 251, in main
    with open(CONFIG_FILE_PATH, 'r') as f:
FileNotFoundError: [Errno 2] No such file or directory: 'model_configs_seq3.txt'
================================================================================
