================================================================================
[2026-03-15 18:37:05] Starting model: noisy_D1_GRU_40_6_1024_1024_in1
Config: {"hidden_sizes": [1024, 1024], "sequence_length": 800, "output_size": 120, "x_seconds": 3, "w": 6, "vel_w": "0.5", "acc_w": "0.1", "tail_obs": "5", "early_decay_steps": "0", "learning_rate": 0.0005, "batch_size": 256, "epochs": 1000}
Device: cuda | GPU_INDEX=0
Trainable parameters: 9,575,544
noise_std=0.09, meters_to_cm=25
Checkpoints every 20 epochs | Logs every 20 epochs
Input size: 1 (z)
================================================================================
[2026-03-15 18:37:05] RESUME=True | No checkpoint found for 'noisy_D1_GRU_40_6_1024_1024_in1'. Starting fresh.
================================================================================
[2026-03-15 18:46:55] Starting model: noisy_D1_GRU_40_6_1024_1024_in1
Config: {"hidden_sizes": [1024, 1024], "sequence_length": 800, "output_size": 120, "x_seconds": 3, "w": 6, "vel_w": "0.5", "acc_w": "0.1", "tail_obs": "5", "early_decay_steps": "0", "learning_rate": 0.0005, "batch_size": 256, "epochs": 1000}
Device: cuda | GPU_INDEX=0
Trainable parameters: 9,575,544
noise_std=0.09, meters_to_cm=25
Checkpoints every 20 epochs | Logs every 20 epochs
Input size: 1 (z)
================================================================================
[2026-03-15 18:46:56] RESUME=True | No checkpoint found for 'noisy_D1_GRU_40_6_1024_1024_in1'. Starting fresh.
[2026-03-15 19:21:49] epoch=20 | avg_loss=0.007966 | elapsed_s=2093.07 | lr=4.803755e-04 | ckpt_full='noisyGRU_models_seq/noisy_D1_GRU_40_6_1024_1024_in1/epoch_20.pt' | ckpt_weights='noisyGRU_models_seq/noisy_D1_GRU_40_6_1024_1024_in1/epoch_20.pth'
[2026-03-15 19:56:18] epoch=40 | avg_loss=0.002681 | elapsed_s=4162.59 | lr=4.615212e-04 | ckpt_full='noisyGRU_models_seq/noisy_D1_GRU_40_6_1024_1024_in1/epoch_40.pt' | ckpt_weights='noisyGRU_models_seq/noisy_D1_GRU_40_6_1024_1024_in1/epoch_40.pth'
[2026-03-15 20:30:49] epoch=60 | avg_loss=0.003976 | elapsed_s=6233.00 | lr=4.434069e-04 | ckpt_full='noisyGRU_models_seq/noisy_D1_GRU_40_6_1024_1024_in1/epoch_60.pt' | ckpt_weights='noisyGRU_models_seq/noisy_D1_GRU_40_6_1024_1024_in1/epoch_60.pth'
[2026-03-15 21:05:18] epoch=80 | avg_loss=0.001312 | elapsed_s=8301.87 | lr=4.260036e-04 | ckpt_full='noisyGRU_models_seq/noisy_D1_GRU_40_6_1024_1024_in1/epoch_80.pt' | ckpt_weights='noisyGRU_models_seq/noisy_D1_GRU_40_6_1024_1024_in1/epoch_80.pth'
[2026-03-15 21:39:40] epoch=100 | avg_loss=0.001073 | elapsed_s=10364.23 | lr=4.092834e-04 | ckpt_full='noisyGRU_models_seq/noisy_D1_GRU_40_6_1024_1024_in1/epoch_100.pt' | ckpt_weights='noisyGRU_models_seq/noisy_D1_GRU_40_6_1024_1024_in1/epoch_100.pth'
[2026-03-15 22:13:58] epoch=120 | avg_loss=0.000935 | elapsed_s=12422.22 | lr=3.932194e-04 | ckpt_full='noisyGRU_models_seq/noisy_D1_GRU_40_6_1024_1024_in1/epoch_120.pt' | ckpt_weights='noisyGRU_models_seq/noisy_D1_GRU_40_6_1024_1024_in1/epoch_120.pth'
[2026-03-15 22:48:23] epoch=140 | avg_loss=0.000740 | elapsed_s=14487.63 | lr=3.777859e-04 | ckpt_full='noisyGRU_models_seq/noisy_D1_GRU_40_6_1024_1024_in1/epoch_140.pt' | ckpt_weights='noisyGRU_models_seq/noisy_D1_GRU_40_6_1024_1024_in1/epoch_140.pth'
================================================================================
[2026-03-15 22:51:42] Starting model: noisy_D1_GRU_40_6_1024_1024_in1
Config: {"hidden_sizes": [1024, 1024], "sequence_length": 800, "output_size": 120, "x_seconds": 3, "w": 6, "vel_w": "0.5", "acc_w": "0.1", "tail_obs": "5", "early_decay_steps": "0", "learning_rate": 0.0005, "batch_size": 256, "epochs": 140}
Device: cuda | GPU_INDEX=0
Trainable parameters: 9,575,544
noise_std=0.09, meters_to_cm=25
Checkpoints every 20 epochs | Logs every 20 epochs
Input size: 1 (z)
================================================================================
[2026-03-15 22:51:42] RESUME=True | Resuming from 'noisyGRU_models_seq/noisy_D1_GRU_40_6_1024_1024_in1/epoch_140.pth' (kind=pth, parsed_epoch=140) → start_epoch=141
--------------------------------------------------------------------------------
[2026-03-15 23:26:05] Training finished in 0.00 s
Final checkpoint used: noisyGRU_models_seq/noisy_D1_GRU_40_6_1024_1024_in1/epoch_140.pth
Test video saved: noisyprediction_videos/noisy_D1_GRU_40_6_1024_1024_in1.mp4
Average Prediction Time: 0.000336 s
Average Absolute Error (Total): 3.918751 cm
Average Absolute Error (3s): 3.212356 cm
Average Absolute Error (4s): 3.403385 cm
Average Absolute Error (5s): 3.673179 cm
--------------------------------------------------------------------------------
================================================================================
[2026-03-16 11:48:36] Starting model: noisy_D1_GRU_40_6_1024_1024_in1
Config: {"hidden_sizes": [1024, 1024], "sequence_length": 800, "output_size": 120, "x_seconds": 3, "w": 6.0, "jump_w": 8.0, "vel_w": 3.0, "acc_w": 0.8, "tail_obs": 5, "cont_warmup_epochs": 80, "learning_rate": 0.0005, "batch_size": 300, "epochs": 400}
Device: cuda | GPU_INDEX=0
Trainable parameters: 9,575,544
noise_std=0.09, meters_to_cm=25
Checkpoints every 20 epochs | Logs every 20 epochs
Input size: 1 (z)
run_test=True, save_video=True, num_workers=8
Loss weights: w=6.0, jump_w=8.0, vel_w=3.0, acc_w=0.8, tail_obs=5, cont_warmup_epochs=80
================================================================================
[2026-03-16 11:48:37] RESUME=True | Resuming from 'noisyGRU_models_seq/noisy_D1_GRU_40_6_1024_1024_in1/epoch_140.pth' (kind=pth, parsed_epoch=140) → start_epoch=141
