================================================================================
[2025-09-02 05:57:14] Starting model: noisy_D1_GRU_40_6_4096_1024_512
Config: {"hidden_sizes": [4096, 1024, 512], "sequence_length": 800, "output_size": 120, "x_seconds": 4, "w": 30, "learning_rate": 0.001, "batch_size": 140, "epochs": 400}
Device: cuda | GPU_INDEX=1
Trainable parameters: 68,527,224
noise_std=0.05, meters_to_cm=25
Checkpoints every 20 epochs | Logs every 20 epochs
================================================================================
[2025-09-02 05:57:15] RESUME=False | Starting fresh from epoch 1.
[2025-09-02 14:31:54] epoch=20 | avg_loss=4.968428 | elapsed_s=30877.85 | lr=8.179069e-04 | ckpt_full='noisyGRU_models_seq/noisy_D1_GRU_40_6_4096_1024_512/epoch_20.pt' | ckpt_weights='noisyGRU_models_seq/noisy_D1_GRU_40_6_4096_1024_512/epoch_20.pth'
[2025-09-02 23:06:04] epoch=40 | avg_loss=4.955780 | elapsed_s=61727.84 | lr=6.689718e-04 | ckpt_full='noisyGRU_models_seq/noisy_D1_GRU_40_6_4096_1024_512/epoch_40.pt' | ckpt_weights='noisyGRU_models_seq/noisy_D1_GRU_40_6_4096_1024_512/epoch_40.pth'
[2025-09-03 07:40:54] epoch=60 | avg_loss=4.928593 | elapsed_s=92618.05 | lr=5.471566e-04 | ckpt_full='noisyGRU_models_seq/noisy_D1_GRU_40_6_4096_1024_512/epoch_60.pt' | ckpt_weights='noisyGRU_models_seq/noisy_D1_GRU_40_6_4096_1024_512/epoch_60.pth'
[2025-09-03 16:14:50] epoch=80 | avg_loss=4.931651 | elapsed_s=123453.96 | lr=4.475232e-04 | ckpt_full='noisyGRU_models_seq/noisy_D1_GRU_40_6_4096_1024_512/epoch_80.pt' | ckpt_weights='noisyGRU_models_seq/noisy_D1_GRU_40_6_4096_1024_512/epoch_80.pth'
[2025-09-04 00:48:35] epoch=100 | avg_loss=4.913987 | elapsed_s=154278.84 | lr=3.660323e-04 | ckpt_full='noisyGRU_models_seq/noisy_D1_GRU_40_6_4096_1024_512/epoch_100.pt' | ckpt_weights='noisyGRU_models_seq/noisy_D1_GRU_40_6_4096_1024_512/epoch_100.pth'
[2025-09-04 09:23:12] epoch=120 | avg_loss=4.897780 | elapsed_s=185155.72 | lr=2.993804e-04 | ckpt_full='noisyGRU_models_seq/noisy_D1_GRU_40_6_4096_1024_512/epoch_120.pt' | ckpt_weights='noisyGRU_models_seq/noisy_D1_GRU_40_6_4096_1024_512/epoch_120.pth'
[2025-09-04 17:57:47] epoch=140 | avg_loss=4.916480 | elapsed_s=216031.54 | lr=2.448653e-04 | ckpt_full='noisyGRU_models_seq/noisy_D1_GRU_40_6_4096_1024_512/epoch_140.pt' | ckpt_weights='noisyGRU_models_seq/noisy_D1_GRU_40_6_4096_1024_512/epoch_140.pth'
[2025-09-05 02:32:59] epoch=160 | avg_loss=4.894297 | elapsed_s=246943.26 | lr=2.002770e-04 | ckpt_full='noisyGRU_models_seq/noisy_D1_GRU_40_6_4096_1024_512/epoch_160.pt' | ckpt_weights='noisyGRU_models_seq/noisy_D1_GRU_40_6_4096_1024_512/epoch_160.pth'
[2025-09-05 11:48:56] epoch=180 | avg_loss=4.895029 | elapsed_s=280300.57 | lr=1.638080e-04 | ckpt_full='noisyGRU_models_seq/noisy_D1_GRU_40_6_4096_1024_512/epoch_180.pt' | ckpt_weights='noisyGRU_models_seq/noisy_D1_GRU_40_6_4096_1024_512/epoch_180.pth'
[2025-09-05 21:44:34] epoch=200 | avg_loss=4.888527 | elapsed_s=316038.00 | lr=1.339797e-04 | ckpt_full='noisyGRU_models_seq/noisy_D1_GRU_40_6_4096_1024_512/epoch_200.pt' | ckpt_weights='noisyGRU_models_seq/noisy_D1_GRU_40_6_4096_1024_512/epoch_200.pth'
[2025-09-06 07:42:07] epoch=220 | avg_loss=1.218670 | elapsed_s=351891.26 | lr=1.095829e-04 | ckpt_full='noisyGRU_models_seq/noisy_D1_GRU_40_6_4096_1024_512/epoch_220.pt' | ckpt_weights='noisyGRU_models_seq/noisy_D1_GRU_40_6_4096_1024_512/epoch_220.pth'
[2025-09-06 17:31:34] epoch=240 | avg_loss=1.040796 | elapsed_s=387257.95 | lr=8.962862e-05 | ckpt_full='noisyGRU_models_seq/noisy_D1_GRU_40_6_4096_1024_512/epoch_240.pt' | ckpt_weights='noisyGRU_models_seq/noisy_D1_GRU_40_6_4096_1024_512/epoch_240.pth'
[2025-09-07 03:06:21] epoch=260 | avg_loss=0.972312 | elapsed_s=421744.36 | lr=7.330787e-05 | ckpt_full='noisyGRU_models_seq/noisy_D1_GRU_40_6_4096_1024_512/epoch_260.pt' | ckpt_weights='noisyGRU_models_seq/noisy_D1_GRU_40_6_4096_1024_512/epoch_260.pth'
[2025-09-07 12:31:07] epoch=280 | avg_loss=0.920901 | elapsed_s=455630.67 | lr=5.995901e-05 | ckpt_full='noisyGRU_models_seq/noisy_D1_GRU_40_6_4096_1024_512/epoch_280.pt' | ckpt_weights='noisyGRU_models_seq/noisy_D1_GRU_40_6_4096_1024_512/epoch_280.pth'
