================================================================================
[2026-03-24 19:30:01] Starting model: noisy_D1_GRU_40_6_1024_512_in1
Config: {"hidden_sizes": [1024, 512], "sequence_length": 800, "output_size": 120, "x_seconds": 3, "w": 6.0, "jump_w": 8.0, "vel_w": 3.0, "acc_w": 0.8, "tail_obs": 5, "cont_warmup_epochs": 80, "learning_rate": 0.0005, "batch_size": 512, "epochs": 2000}
Device: cuda | GPU_INDEX=1
Trainable parameters: 5,578,872
noise_std=0.09, meters_to_cm=25
Checkpoints every 20 epochs | Logs every 20 epochs
Input size: 1 (z)
run_test=True, save_video=True, num_workers=8
Loss weights: w=6.0, jump_w=8.0, vel_w=3.0, acc_w=0.8, tail_obs=5, cont_warmup_epochs=80
================================================================================
[2026-03-24 19:30:02] RESUME=False | Starting fresh from epoch 1.
[2026-03-24 20:17:47] epoch=20 | avg_loss=0.086120 | elapsed_s=2865.21 | lr=4.803755e-04 | ckpt_full='noisyGRU_models_seq/noisy_D1_GRU_40_6_1024_512_in1/epoch_20.pt' | ckpt_weights='noisyGRU_models_seq/noisy_D1_GRU_40_6_1024_512_in1/epoch_20.pth'
[2026-03-24 21:05:35] epoch=40 | avg_loss=0.026166 | elapsed_s=5732.86 | lr=4.615212e-04 | ckpt_full='noisyGRU_models_seq/noisy_D1_GRU_40_6_1024_512_in1/epoch_40.pt' | ckpt_weights='noisyGRU_models_seq/noisy_D1_GRU_40_6_1024_512_in1/epoch_40.pth'
[2026-03-24 21:53:25] epoch=60 | avg_loss=0.009127 | elapsed_s=8602.40 | lr=4.434069e-04 | ckpt_full='noisyGRU_models_seq/noisy_D1_GRU_40_6_1024_512_in1/epoch_60.pt' | ckpt_weights='noisyGRU_models_seq/noisy_D1_GRU_40_6_1024_512_in1/epoch_60.pth'
[2026-03-24 22:41:14] epoch=80 | avg_loss=0.005994 | elapsed_s=11471.63 | lr=4.260036e-04 | ckpt_full='noisyGRU_models_seq/noisy_D1_GRU_40_6_1024_512_in1/epoch_80.pt' | ckpt_weights='noisyGRU_models_seq/noisy_D1_GRU_40_6_1024_512_in1/epoch_80.pth'
[2026-03-24 23:29:03] epoch=100 | avg_loss=0.004278 | elapsed_s=14340.87 | lr=4.092834e-04 | ckpt_full='noisyGRU_models_seq/noisy_D1_GRU_40_6_1024_512_in1/epoch_100.pt' | ckpt_weights='noisyGRU_models_seq/noisy_D1_GRU_40_6_1024_512_in1/epoch_100.pth'
[2026-03-25 00:16:52] epoch=120 | avg_loss=0.002872 | elapsed_s=17209.85 | lr=3.932194e-04 | ckpt_full='noisyGRU_models_seq/noisy_D1_GRU_40_6_1024_512_in1/epoch_120.pt' | ckpt_weights='noisyGRU_models_seq/noisy_D1_GRU_40_6_1024_512_in1/epoch_120.pth'
[2026-03-25 01:04:42] epoch=140 | avg_loss=0.002572 | elapsed_s=20080.10 | lr=3.777859e-04 | ckpt_full='noisyGRU_models_seq/noisy_D1_GRU_40_6_1024_512_in1/epoch_140.pt' | ckpt_weights='noisyGRU_models_seq/noisy_D1_GRU_40_6_1024_512_in1/epoch_140.pth'
[2026-03-25 01:52:32] epoch=160 | avg_loss=0.002053 | elapsed_s=22950.19 | lr=3.629582e-04 | ckpt_full='noisyGRU_models_seq/noisy_D1_GRU_40_6_1024_512_in1/epoch_160.pt' | ckpt_weights='noisyGRU_models_seq/noisy_D1_GRU_40_6_1024_512_in1/epoch_160.pth'
[2026-03-25 02:40:22] epoch=180 | avg_loss=0.001816 | elapsed_s=25820.20 | lr=3.487124e-04 | ckpt_full='noisyGRU_models_seq/noisy_D1_GRU_40_6_1024_512_in1/epoch_180.pt' | ckpt_weights='noisyGRU_models_seq/noisy_D1_GRU_40_6_1024_512_in1/epoch_180.pth'
[2026-03-25 03:28:13] epoch=200 | avg_loss=0.001630 | elapsed_s=28690.53 | lr=3.350258e-04 | ckpt_full='noisyGRU_models_seq/noisy_D1_GRU_40_6_1024_512_in1/epoch_200.pt' | ckpt_weights='noisyGRU_models_seq/noisy_D1_GRU_40_6_1024_512_in1/epoch_200.pth'
[2026-03-25 04:16:03] epoch=220 | avg_loss=0.001269 | elapsed_s=31560.77 | lr=3.218764e-04 | ckpt_full='noisyGRU_models_seq/noisy_D1_GRU_40_6_1024_512_in1/epoch_220.pt' | ckpt_weights='noisyGRU_models_seq/noisy_D1_GRU_40_6_1024_512_in1/epoch_220.pth'
[2026-03-25 05:03:54] epoch=240 | avg_loss=0.001310 | elapsed_s=34431.45 | lr=3.092430e-04 | ckpt_full='noisyGRU_models_seq/noisy_D1_GRU_40_6_1024_512_in1/epoch_240.pt' | ckpt_weights='noisyGRU_models_seq/noisy_D1_GRU_40_6_1024_512_in1/epoch_240.pth'
[2026-03-25 05:51:44] epoch=260 | avg_loss=0.001020 | elapsed_s=37302.05 | lr=2.971055e-04 | ckpt_full='noisyGRU_models_seq/noisy_D1_GRU_40_6_1024_512_in1/epoch_260.pt' | ckpt_weights='noisyGRU_models_seq/noisy_D1_GRU_40_6_1024_512_in1/epoch_260.pth'
[2026-03-25 06:39:35] epoch=280 | avg_loss=0.000823 | elapsed_s=40173.13 | lr=2.854444e-04 | ckpt_full='noisyGRU_models_seq/noisy_D1_GRU_40_6_1024_512_in1/epoch_280.pt' | ckpt_weights='noisyGRU_models_seq/noisy_D1_GRU_40_6_1024_512_in1/epoch_280.pth'
[2026-03-25 07:27:25] epoch=300 | avg_loss=0.000754 | elapsed_s=43042.48 | lr=2.742410e-04 | ckpt_full='noisyGRU_models_seq/noisy_D1_GRU_40_6_1024_512_in1/epoch_300.pt' | ckpt_weights='noisyGRU_models_seq/noisy_D1_GRU_40_6_1024_512_in1/epoch_300.pth'
[2026-03-25 08:15:13] epoch=320 | avg_loss=0.000636 | elapsed_s=45910.34 | lr=2.634773e-04 | ckpt_full='noisyGRU_models_seq/noisy_D1_GRU_40_6_1024_512_in1/epoch_320.pt' | ckpt_weights='noisyGRU_models_seq/noisy_D1_GRU_40_6_1024_512_in1/epoch_320.pth'
[2026-03-25 09:03:01] epoch=340 | avg_loss=0.000559 | elapsed_s=48778.44 | lr=2.531361e-04 | ckpt_full='noisyGRU_models_seq/noisy_D1_GRU_40_6_1024_512_in1/epoch_340.pt' | ckpt_weights='noisyGRU_models_seq/noisy_D1_GRU_40_6_1024_512_in1/epoch_340.pth'
[2026-03-25 09:50:49] epoch=360 | avg_loss=0.000532 | elapsed_s=51646.33 | lr=2.432007e-04 | ckpt_full='noisyGRU_models_seq/noisy_D1_GRU_40_6_1024_512_in1/epoch_360.pt' | ckpt_weights='noisyGRU_models_seq/noisy_D1_GRU_40_6_1024_512_in1/epoch_360.pth'
[2026-03-25 10:38:36] epoch=380 | avg_loss=0.000498 | elapsed_s=54513.45 | lr=2.336553e-04 | ckpt_full='noisyGRU_models_seq/noisy_D1_GRU_40_6_1024_512_in1/epoch_380.pt' | ckpt_weights='noisyGRU_models_seq/noisy_D1_GRU_40_6_1024_512_in1/epoch_380.pth'
[2026-03-25 11:26:23] epoch=400 | avg_loss=0.000482 | elapsed_s=57380.80 | lr=2.244846e-04 | ckpt_full='noisyGRU_models_seq/noisy_D1_GRU_40_6_1024_512_in1/epoch_400.pt' | ckpt_weights='noisyGRU_models_seq/noisy_D1_GRU_40_6_1024_512_in1/epoch_400.pth'
[2026-03-25 12:14:09] epoch=420 | avg_loss=0.000441 | elapsed_s=60246.89 | lr=2.156738e-04 | ckpt_full='noisyGRU_models_seq/noisy_D1_GRU_40_6_1024_512_in1/epoch_420.pt' | ckpt_weights='noisyGRU_models_seq/noisy_D1_GRU_40_6_1024_512_in1/epoch_420.pth'
[2026-03-25 13:01:56] epoch=440 | avg_loss=0.000367 | elapsed_s=63113.38 | lr=2.072088e-04 | ckpt_full='noisyGRU_models_seq/noisy_D1_GRU_40_6_1024_512_in1/epoch_440.pt' | ckpt_weights='noisyGRU_models_seq/noisy_D1_GRU_40_6_1024_512_in1/epoch_440.pth'
[2026-03-25 13:49:42] epoch=460 | avg_loss=0.000363 | elapsed_s=65980.18 | lr=1.990760e-04 | ckpt_full='noisyGRU_models_seq/noisy_D1_GRU_40_6_1024_512_in1/epoch_460.pt' | ckpt_weights='noisyGRU_models_seq/noisy_D1_GRU_40_6_1024_512_in1/epoch_460.pth'
[2026-03-25 14:37:28] epoch=480 | avg_loss=0.000358 | elapsed_s=68845.94 | lr=1.912625e-04 | ckpt_full='noisyGRU_models_seq/noisy_D1_GRU_40_6_1024_512_in1/epoch_480.pt' | ckpt_weights='noisyGRU_models_seq/noisy_D1_GRU_40_6_1024_512_in1/epoch_480.pth'
[2026-03-25 15:25:15] epoch=500 | avg_loss=0.000329 | elapsed_s=71712.62 | lr=1.837556e-04 | ckpt_full='noisyGRU_models_seq/noisy_D1_GRU_40_6_1024_512_in1/epoch_500.pt' | ckpt_weights='noisyGRU_models_seq/noisy_D1_GRU_40_6_1024_512_in1/epoch_500.pth'
[2026-03-25 16:13:01] epoch=520 | avg_loss=0.000302 | elapsed_s=74578.74 | lr=1.765434e-04 | ckpt_full='noisyGRU_models_seq/noisy_D1_GRU_40_6_1024_512_in1/epoch_520.pt' | ckpt_weights='noisyGRU_models_seq/noisy_D1_GRU_40_6_1024_512_in1/epoch_520.pth'
[2026-03-25 17:00:47] epoch=540 | avg_loss=0.000275 | elapsed_s=77445.01 | lr=1.696142e-04 | ckpt_full='noisyGRU_models_seq/noisy_D1_GRU_40_6_1024_512_in1/epoch_540.pt' | ckpt_weights='noisyGRU_models_seq/noisy_D1_GRU_40_6_1024_512_in1/epoch_540.pth'
[2026-03-25 17:48:34] epoch=560 | avg_loss=0.000270 | elapsed_s=80311.76 | lr=1.629570e-04 | ckpt_full='noisyGRU_models_seq/noisy_D1_GRU_40_6_1024_512_in1/epoch_560.pt' | ckpt_weights='noisyGRU_models_seq/noisy_D1_GRU_40_6_1024_512_in1/epoch_560.pth'
[2026-03-25 18:36:20] epoch=580 | avg_loss=0.000273 | elapsed_s=83177.36 | lr=1.565611e-04 | ckpt_full='noisyGRU_models_seq/noisy_D1_GRU_40_6_1024_512_in1/epoch_580.pt' | ckpt_weights='noisyGRU_models_seq/noisy_D1_GRU_40_6_1024_512_in1/epoch_580.pth'
[2026-03-25 19:24:05] epoch=600 | avg_loss=0.000267 | elapsed_s=86042.69 | lr=1.504163e-04 | ckpt_full='noisyGRU_models_seq/noisy_D1_GRU_40_6_1024_512_in1/epoch_600.pt' | ckpt_weights='noisyGRU_models_seq/noisy_D1_GRU_40_6_1024_512_in1/epoch_600.pth'
[2026-03-25 20:11:50] epoch=620 | avg_loss=0.000244 | elapsed_s=88908.27 | lr=1.445126e-04 | ckpt_full='noisyGRU_models_seq/noisy_D1_GRU_40_6_1024_512_in1/epoch_620.pt' | ckpt_weights='noisyGRU_models_seq/noisy_D1_GRU_40_6_1024_512_in1/epoch_620.pth'
[2026-03-25 20:59:37] epoch=640 | avg_loss=0.000225 | elapsed_s=91775.10 | lr=1.388406e-04 | ckpt_full='noisyGRU_models_seq/noisy_D1_GRU_40_6_1024_512_in1/epoch_640.pt' | ckpt_weights='noisyGRU_models_seq/noisy_D1_GRU_40_6_1024_512_in1/epoch_640.pth'
[2026-03-25 21:47:25] epoch=660 | avg_loss=0.000237 | elapsed_s=94643.27 | lr=1.333912e-04 | ckpt_full='noisyGRU_models_seq/noisy_D1_GRU_40_6_1024_512_in1/epoch_660.pt' | ckpt_weights='noisyGRU_models_seq/noisy_D1_GRU_40_6_1024_512_in1/epoch_660.pth'
[2026-03-25 22:35:14] epoch=680 | avg_loss=0.000208 | elapsed_s=97511.77 | lr=1.281557e-04 | ckpt_full='noisyGRU_models_seq/noisy_D1_GRU_40_6_1024_512_in1/epoch_680.pt' | ckpt_weights='noisyGRU_models_seq/noisy_D1_GRU_40_6_1024_512_in1/epoch_680.pth'
[2026-03-25 23:23:02] epoch=700 | avg_loss=0.000213 | elapsed_s=100380.14 | lr=1.231258e-04 | ckpt_full='noisyGRU_models_seq/noisy_D1_GRU_40_6_1024_512_in1/epoch_700.pt' | ckpt_weights='noisyGRU_models_seq/noisy_D1_GRU_40_6_1024_512_in1/epoch_700.pth'
[2026-03-26 00:10:51] epoch=720 | avg_loss=0.000207 | elapsed_s=103248.34 | lr=1.182932e-04 | ckpt_full='noisyGRU_models_seq/noisy_D1_GRU_40_6_1024_512_in1/epoch_720.pt' | ckpt_weights='noisyGRU_models_seq/noisy_D1_GRU_40_6_1024_512_in1/epoch_720.pth'
[2026-03-26 00:58:39] epoch=740 | avg_loss=0.000190 | elapsed_s=106116.74 | lr=1.136503e-04 | ckpt_full='noisyGRU_models_seq/noisy_D1_GRU_40_6_1024_512_in1/epoch_740.pt' | ckpt_weights='noisyGRU_models_seq/noisy_D1_GRU_40_6_1024_512_in1/epoch_740.pth'
[2026-03-26 01:46:29] epoch=760 | avg_loss=0.000191 | elapsed_s=108986.61 | lr=1.091896e-04 | ckpt_full='noisyGRU_models_seq/noisy_D1_GRU_40_6_1024_512_in1/epoch_760.pt' | ckpt_weights='noisyGRU_models_seq/noisy_D1_GRU_40_6_1024_512_in1/epoch_760.pth'
[2026-03-26 02:34:18] epoch=780 | avg_loss=0.000176 | elapsed_s=111856.17 | lr=1.049040e-04 | ckpt_full='noisyGRU_models_seq/noisy_D1_GRU_40_6_1024_512_in1/epoch_780.pt' | ckpt_weights='noisyGRU_models_seq/noisy_D1_GRU_40_6_1024_512_in1/epoch_780.pth'
[2026-03-26 03:22:08] epoch=800 | avg_loss=0.000171 | elapsed_s=114726.10 | lr=1.007867e-04 | ckpt_full='noisyGRU_models_seq/noisy_D1_GRU_40_6_1024_512_in1/epoch_800.pt' | ckpt_weights='noisyGRU_models_seq/noisy_D1_GRU_40_6_1024_512_in1/epoch_800.pth'
[2026-03-26 04:09:58] epoch=820 | avg_loss=0.000166 | elapsed_s=117595.94 | lr=9.683088e-05 | ckpt_full='noisyGRU_models_seq/noisy_D1_GRU_40_6_1024_512_in1/epoch_820.pt' | ckpt_weights='noisyGRU_models_seq/noisy_D1_GRU_40_6_1024_512_in1/epoch_820.pth'
[2026-03-26 04:57:47] epoch=840 | avg_loss=0.000164 | elapsed_s=120464.41 | lr=9.303036e-05 | ckpt_full='noisyGRU_models_seq/noisy_D1_GRU_40_6_1024_512_in1/epoch_840.pt' | ckpt_weights='noisyGRU_models_seq/noisy_D1_GRU_40_6_1024_512_in1/epoch_840.pth'
[2026-03-26 05:45:37] epoch=860 | avg_loss=0.000161 | elapsed_s=123334.38 | lr=8.937900e-05 | ckpt_full='noisyGRU_models_seq/noisy_D1_GRU_40_6_1024_512_in1/epoch_860.pt' | ckpt_weights='noisyGRU_models_seq/noisy_D1_GRU_40_6_1024_512_in1/epoch_860.pth'
[2026-03-26 06:33:26] epoch=880 | avg_loss=0.000157 | elapsed_s=126203.63 | lr=8.587096e-05 | ckpt_full='noisyGRU_models_seq/noisy_D1_GRU_40_6_1024_512_in1/epoch_880.pt' | ckpt_weights='noisyGRU_models_seq/noisy_D1_GRU_40_6_1024_512_in1/epoch_880.pth'
[2026-03-26 07:21:14] epoch=900 | avg_loss=0.000156 | elapsed_s=129072.23 | lr=8.250061e-05 | ckpt_full='noisyGRU_models_seq/noisy_D1_GRU_40_6_1024_512_in1/epoch_900.pt' | ckpt_weights='noisyGRU_models_seq/noisy_D1_GRU_40_6_1024_512_in1/epoch_900.pth'
[2026-03-26 08:09:03] epoch=920 | avg_loss=0.000154 | elapsed_s=131941.08 | lr=7.926254e-05 | ckpt_full='noisyGRU_models_seq/noisy_D1_GRU_40_6_1024_512_in1/epoch_920.pt' | ckpt_weights='noisyGRU_models_seq/noisy_D1_GRU_40_6_1024_512_in1/epoch_920.pth'
[2026-03-26 08:56:51] epoch=940 | avg_loss=0.000147 | elapsed_s=134808.38 | lr=7.615156e-05 | ckpt_full='noisyGRU_models_seq/noisy_D1_GRU_40_6_1024_512_in1/epoch_940.pt' | ckpt_weights='noisyGRU_models_seq/noisy_D1_GRU_40_6_1024_512_in1/epoch_940.pth'
[2026-03-26 09:44:38] epoch=960 | avg_loss=0.000145 | elapsed_s=137675.32 | lr=7.316269e-05 | ckpt_full='noisyGRU_models_seq/noisy_D1_GRU_40_6_1024_512_in1/epoch_960.pt' | ckpt_weights='noisyGRU_models_seq/noisy_D1_GRU_40_6_1024_512_in1/epoch_960.pth'
[2026-03-26 10:32:25] epoch=980 | avg_loss=0.000138 | elapsed_s=140542.50 | lr=7.029112e-05 | ckpt_full='noisyGRU_models_seq/noisy_D1_GRU_40_6_1024_512_in1/epoch_980.pt' | ckpt_weights='noisyGRU_models_seq/noisy_D1_GRU_40_6_1024_512_in1/epoch_980.pth'
[2026-03-26 11:20:11] epoch=1000 | avg_loss=0.000140 | elapsed_s=143408.95 | lr=6.753226e-05 | ckpt_full='noisyGRU_models_seq/noisy_D1_GRU_40_6_1024_512_in1/epoch_1000.pt' | ckpt_weights='noisyGRU_models_seq/noisy_D1_GRU_40_6_1024_512_in1/epoch_1000.pth'
[2026-03-26 12:07:58] epoch=1020 | avg_loss=0.000136 | elapsed_s=146275.33 | lr=6.488168e-05 | ckpt_full='noisyGRU_models_seq/noisy_D1_GRU_40_6_1024_512_in1/epoch_1020.pt' | ckpt_weights='noisyGRU_models_seq/noisy_D1_GRU_40_6_1024_512_in1/epoch_1020.pth'
[2026-03-26 12:55:44] epoch=1040 | avg_loss=0.000133 | elapsed_s=149141.61 | lr=6.233514e-05 | ckpt_full='noisyGRU_models_seq/noisy_D1_GRU_40_6_1024_512_in1/epoch_1040.pt' | ckpt_weights='noisyGRU_models_seq/noisy_D1_GRU_40_6_1024_512_in1/epoch_1040.pth'
[2026-03-26 13:43:29] epoch=1060 | avg_loss=0.000130 | elapsed_s=152007.29 | lr=5.988855e-05 | ckpt_full='noisyGRU_models_seq/noisy_D1_GRU_40_6_1024_512_in1/epoch_1060.pt' | ckpt_weights='noisyGRU_models_seq/noisy_D1_GRU_40_6_1024_512_in1/epoch_1060.pth'
[2026-03-26 14:31:16] epoch=1080 | avg_loss=0.000131 | elapsed_s=154874.10 | lr=5.753798e-05 | ckpt_full='noisyGRU_models_seq/noisy_D1_GRU_40_6_1024_512_in1/epoch_1080.pt' | ckpt_weights='noisyGRU_models_seq/noisy_D1_GRU_40_6_1024_512_in1/epoch_1080.pth'
[2026-03-26 15:19:03] epoch=1100 | avg_loss=0.000127 | elapsed_s=157740.51 | lr=5.527967e-05 | ckpt_full='noisyGRU_models_seq/noisy_D1_GRU_40_6_1024_512_in1/epoch_1100.pt' | ckpt_weights='noisyGRU_models_seq/noisy_D1_GRU_40_6_1024_512_in1/epoch_1100.pth'
[2026-03-26 16:06:49] epoch=1120 | avg_loss=0.000127 | elapsed_s=160606.42 | lr=5.310999e-05 | ckpt_full='noisyGRU_models_seq/noisy_D1_GRU_40_6_1024_512_in1/epoch_1120.pt' | ckpt_weights='noisyGRU_models_seq/noisy_D1_GRU_40_6_1024_512_in1/epoch_1120.pth'
[2026-03-26 16:54:35] epoch=1140 | avg_loss=0.000123 | elapsed_s=163472.65 | lr=5.102548e-05 | ckpt_full='noisyGRU_models_seq/noisy_D1_GRU_40_6_1024_512_in1/epoch_1140.pt' | ckpt_weights='noisyGRU_models_seq/noisy_D1_GRU_40_6_1024_512_in1/epoch_1140.pth'
[2026-03-26 17:42:21] epoch=1160 | avg_loss=0.000122 | elapsed_s=166338.70 | lr=4.902278e-05 | ckpt_full='noisyGRU_models_seq/noisy_D1_GRU_40_6_1024_512_in1/epoch_1160.pt' | ckpt_weights='noisyGRU_models_seq/noisy_D1_GRU_40_6_1024_512_in1/epoch_1160.pth'
[2026-03-26 18:30:07] epoch=1180 | avg_loss=0.000122 | elapsed_s=169204.97 | lr=4.709868e-05 | ckpt_full='noisyGRU_models_seq/noisy_D1_GRU_40_6_1024_512_in1/epoch_1180.pt' | ckpt_weights='noisyGRU_models_seq/noisy_D1_GRU_40_6_1024_512_in1/epoch_1180.pth'
[2026-03-26 19:17:54] epoch=1200 | avg_loss=0.000121 | elapsed_s=172072.12 | lr=4.525010e-05 | ckpt_full='noisyGRU_models_seq/noisy_D1_GRU_40_6_1024_512_in1/epoch_1200.pt' | ckpt_weights='noisyGRU_models_seq/noisy_D1_GRU_40_6_1024_512_in1/epoch_1200.pth'
[2026-03-26 20:05:40] epoch=1220 | avg_loss=0.000118 | elapsed_s=174938.24 | lr=4.347408e-05 | ckpt_full='noisyGRU_models_seq/noisy_D1_GRU_40_6_1024_512_in1/epoch_1220.pt' | ckpt_weights='noisyGRU_models_seq/noisy_D1_GRU_40_6_1024_512_in1/epoch_1220.pth'
[2026-03-26 20:53:26] epoch=1240 | avg_loss=0.000115 | elapsed_s=177803.99 | lr=4.176776e-05 | ckpt_full='noisyGRU_models_seq/noisy_D1_GRU_40_6_1024_512_in1/epoch_1240.pt' | ckpt_weights='noisyGRU_models_seq/noisy_D1_GRU_40_6_1024_512_in1/epoch_1240.pth'
[2026-03-26 21:41:14] epoch=1260 | avg_loss=0.000114 | elapsed_s=180671.39 | lr=4.012842e-05 | ckpt_full='noisyGRU_models_seq/noisy_D1_GRU_40_6_1024_512_in1/epoch_1260.pt' | ckpt_weights='noisyGRU_models_seq/noisy_D1_GRU_40_6_1024_512_in1/epoch_1260.pth'
[2026-03-26 22:29:02] epoch=1280 | avg_loss=0.000116 | elapsed_s=183539.58 | lr=3.855341e-05 | ckpt_full='noisyGRU_models_seq/noisy_D1_GRU_40_6_1024_512_in1/epoch_1280.pt' | ckpt_weights='noisyGRU_models_seq/noisy_D1_GRU_40_6_1024_512_in1/epoch_1280.pth'
[2026-03-26 23:16:51] epoch=1300 | avg_loss=0.000114 | elapsed_s=186408.90 | lr=3.704023e-05 | ckpt_full='noisyGRU_models_seq/noisy_D1_GRU_40_6_1024_512_in1/epoch_1300.pt' | ckpt_weights='noisyGRU_models_seq/noisy_D1_GRU_40_6_1024_512_in1/epoch_1300.pth'
[2026-03-27 00:04:40] epoch=1320 | avg_loss=0.000111 | elapsed_s=189277.45 | lr=3.558644e-05 | ckpt_full='noisyGRU_models_seq/noisy_D1_GRU_40_6_1024_512_in1/epoch_1320.pt' | ckpt_weights='noisyGRU_models_seq/noisy_D1_GRU_40_6_1024_512_in1/epoch_1320.pth'
[2026-03-27 00:52:29] epoch=1340 | avg_loss=0.000110 | elapsed_s=192146.67 | lr=3.418970e-05 | ckpt_full='noisyGRU_models_seq/noisy_D1_GRU_40_6_1024_512_in1/epoch_1340.pt' | ckpt_weights='noisyGRU_models_seq/noisy_D1_GRU_40_6_1024_512_in1/epoch_1340.pth'
[2026-03-27 01:40:18] epoch=1360 | avg_loss=0.000110 | elapsed_s=195015.92 | lr=3.284779e-05 | ckpt_full='noisyGRU_models_seq/noisy_D1_GRU_40_6_1024_512_in1/epoch_1360.pt' | ckpt_weights='noisyGRU_models_seq/noisy_D1_GRU_40_6_1024_512_in1/epoch_1360.pth'
[2026-03-27 02:28:08] epoch=1380 | avg_loss=0.000108 | elapsed_s=197885.36 | lr=3.155855e-05 | ckpt_full='noisyGRU_models_seq/noisy_D1_GRU_40_6_1024_512_in1/epoch_1380.pt' | ckpt_weights='noisyGRU_models_seq/noisy_D1_GRU_40_6_1024_512_in1/epoch_1380.pth'
[2026-03-27 03:15:57] epoch=1400 | avg_loss=0.000108 | elapsed_s=200755.20 | lr=3.031990e-05 | ckpt_full='noisyGRU_models_seq/noisy_D1_GRU_40_6_1024_512_in1/epoch_1400.pt' | ckpt_weights='noisyGRU_models_seq/noisy_D1_GRU_40_6_1024_512_in1/epoch_1400.pth'
[2026-03-27 04:03:47] epoch=1420 | avg_loss=0.000107 | elapsed_s=203624.76 | lr=2.912988e-05 | ckpt_full='noisyGRU_models_seq/noisy_D1_GRU_40_6_1024_512_in1/epoch_1420.pt' | ckpt_weights='noisyGRU_models_seq/noisy_D1_GRU_40_6_1024_512_in1/epoch_1420.pth'
[2026-03-27 04:51:37] epoch=1440 | avg_loss=0.000106 | elapsed_s=206494.65 | lr=2.798656e-05 | ckpt_full='noisyGRU_models_seq/noisy_D1_GRU_40_6_1024_512_in1/epoch_1440.pt' | ckpt_weights='noisyGRU_models_seq/noisy_D1_GRU_40_6_1024_512_in1/epoch_1440.pth'
[2026-03-27 05:39:28] epoch=1460 | avg_loss=0.000105 | elapsed_s=209365.71 | lr=2.688811e-05 | ckpt_full='noisyGRU_models_seq/noisy_D1_GRU_40_6_1024_512_in1/epoch_1460.pt' | ckpt_weights='noisyGRU_models_seq/noisy_D1_GRU_40_6_1024_512_in1/epoch_1460.pth'
[2026-03-27 06:27:20] epoch=1480 | avg_loss=0.000105 | elapsed_s=212237.61 | lr=2.583278e-05 | ckpt_full='noisyGRU_models_seq/noisy_D1_GRU_40_6_1024_512_in1/epoch_1480.pt' | ckpt_weights='noisyGRU_models_seq/noisy_D1_GRU_40_6_1024_512_in1/epoch_1480.pth'
[2026-03-27 07:15:10] epoch=1500 | avg_loss=0.000103 | elapsed_s=215108.14 | lr=2.481887e-05 | ckpt_full='noisyGRU_models_seq/noisy_D1_GRU_40_6_1024_512_in1/epoch_1500.pt' | ckpt_weights='noisyGRU_models_seq/noisy_D1_GRU_40_6_1024_512_in1/epoch_1500.pth'
[2026-03-27 08:02:59] epoch=1520 | avg_loss=0.000102 | elapsed_s=217976.67 | lr=2.384475e-05 | ckpt_full='noisyGRU_models_seq/noisy_D1_GRU_40_6_1024_512_in1/epoch_1520.pt' | ckpt_weights='noisyGRU_models_seq/noisy_D1_GRU_40_6_1024_512_in1/epoch_1520.pth'
[2026-03-27 08:50:47] epoch=1540 | avg_loss=0.000102 | elapsed_s=220844.94 | lr=2.290887e-05 | ckpt_full='noisyGRU_models_seq/noisy_D1_GRU_40_6_1024_512_in1/epoch_1540.pt' | ckpt_weights='noisyGRU_models_seq/noisy_D1_GRU_40_6_1024_512_in1/epoch_1540.pth'
[2026-03-27 09:38:35] epoch=1560 | avg_loss=0.000103 | elapsed_s=223712.30 | lr=2.200971e-05 | ckpt_full='noisyGRU_models_seq/noisy_D1_GRU_40_6_1024_512_in1/epoch_1560.pt' | ckpt_weights='noisyGRU_models_seq/noisy_D1_GRU_40_6_1024_512_in1/epoch_1560.pth'
[2026-03-27 10:26:22] epoch=1580 | avg_loss=0.000100 | elapsed_s=226579.42 | lr=2.114585e-05 | ckpt_full='noisyGRU_models_seq/noisy_D1_GRU_40_6_1024_512_in1/epoch_1580.pt' | ckpt_weights='noisyGRU_models_seq/noisy_D1_GRU_40_6_1024_512_in1/epoch_1580.pth'
[2026-03-27 11:14:08] epoch=1600 | avg_loss=0.000100 | elapsed_s=229446.13 | lr=2.031590e-05 | ckpt_full='noisyGRU_models_seq/noisy_D1_GRU_40_6_1024_512_in1/epoch_1600.pt' | ckpt_weights='noisyGRU_models_seq/noisy_D1_GRU_40_6_1024_512_in1/epoch_1600.pth'
[2026-03-27 12:01:55] epoch=1620 | avg_loss=0.000100 | elapsed_s=232312.36 | lr=1.951852e-05 | ckpt_full='noisyGRU_models_seq/noisy_D1_GRU_40_6_1024_512_in1/epoch_1620.pt' | ckpt_weights='noisyGRU_models_seq/noisy_D1_GRU_40_6_1024_512_in1/epoch_1620.pth'
[2026-03-27 12:49:41] epoch=1640 | avg_loss=0.000099 | elapsed_s=235178.51 | lr=1.875244e-05 | ckpt_full='noisyGRU_models_seq/noisy_D1_GRU_40_6_1024_512_in1/epoch_1640.pt' | ckpt_weights='noisyGRU_models_seq/noisy_D1_GRU_40_6_1024_512_in1/epoch_1640.pth'
[2026-03-27 13:37:28] epoch=1660 | avg_loss=0.000099 | elapsed_s=238045.72 | lr=1.801642e-05 | ckpt_full='noisyGRU_models_seq/noisy_D1_GRU_40_6_1024_512_in1/epoch_1660.pt' | ckpt_weights='noisyGRU_models_seq/noisy_D1_GRU_40_6_1024_512_in1/epoch_1660.pth'
[2026-03-27 14:25:15] epoch=1680 | avg_loss=0.000098 | elapsed_s=240912.43 | lr=1.730929e-05 | ckpt_full='noisyGRU_models_seq/noisy_D1_GRU_40_6_1024_512_in1/epoch_1680.pt' | ckpt_weights='noisyGRU_models_seq/noisy_D1_GRU_40_6_1024_512_in1/epoch_1680.pth'
[2026-03-27 15:13:00] epoch=1700 | avg_loss=0.000097 | elapsed_s=243777.88 | lr=1.662992e-05 | ckpt_full='noisyGRU_models_seq/noisy_D1_GRU_40_6_1024_512_in1/epoch_1700.pt' | ckpt_weights='noisyGRU_models_seq/noisy_D1_GRU_40_6_1024_512_in1/epoch_1700.pth'
[2026-03-27 16:00:47] epoch=1720 | avg_loss=0.000097 | elapsed_s=246644.44 | lr=1.597721e-05 | ckpt_full='noisyGRU_models_seq/noisy_D1_GRU_40_6_1024_512_in1/epoch_1720.pt' | ckpt_weights='noisyGRU_models_seq/noisy_D1_GRU_40_6_1024_512_in1/epoch_1720.pth'
[2026-03-27 16:48:33] epoch=1740 | avg_loss=0.000096 | elapsed_s=249510.98 | lr=1.535012e-05 | ckpt_full='noisyGRU_models_seq/noisy_D1_GRU_40_6_1024_512_in1/epoch_1740.pt' | ckpt_weights='noisyGRU_models_seq/noisy_D1_GRU_40_6_1024_512_in1/epoch_1740.pth'
[2026-03-27 17:36:19] epoch=1760 | avg_loss=0.000096 | elapsed_s=252376.99 | lr=1.474764e-05 | ckpt_full='noisyGRU_models_seq/noisy_D1_GRU_40_6_1024_512_in1/epoch_1760.pt' | ckpt_weights='noisyGRU_models_seq/noisy_D1_GRU_40_6_1024_512_in1/epoch_1760.pth'
[2026-03-27 18:24:05] epoch=1780 | avg_loss=0.000096 | elapsed_s=255242.94 | lr=1.416881e-05 | ckpt_full='noisyGRU_models_seq/noisy_D1_GRU_40_6_1024_512_in1/epoch_1780.pt' | ckpt_weights='noisyGRU_models_seq/noisy_D1_GRU_40_6_1024_512_in1/epoch_1780.pth'
[2026-03-27 19:11:51] epoch=1800 | avg_loss=0.000096 | elapsed_s=258108.82 | lr=1.361270e-05 | ckpt_full='noisyGRU_models_seq/noisy_D1_GRU_40_6_1024_512_in1/epoch_1800.pt' | ckpt_weights='noisyGRU_models_seq/noisy_D1_GRU_40_6_1024_512_in1/epoch_1800.pth'
[2026-03-27 19:59:36] epoch=1820 | avg_loss=0.000095 | elapsed_s=260973.96 | lr=1.307842e-05 | ckpt_full='noisyGRU_models_seq/noisy_D1_GRU_40_6_1024_512_in1/epoch_1820.pt' | ckpt_weights='noisyGRU_models_seq/noisy_D1_GRU_40_6_1024_512_in1/epoch_1820.pth'
[2026-03-27 20:47:22] epoch=1840 | avg_loss=0.000095 | elapsed_s=263839.60 | lr=1.256510e-05 | ckpt_full='noisyGRU_models_seq/noisy_D1_GRU_40_6_1024_512_in1/epoch_1840.pt' | ckpt_weights='noisyGRU_models_seq/noisy_D1_GRU_40_6_1024_512_in1/epoch_1840.pth'
[2026-03-27 21:35:09] epoch=1860 | avg_loss=0.000094 | elapsed_s=266706.69 | lr=1.207193e-05 | ckpt_full='noisyGRU_models_seq/noisy_D1_GRU_40_6_1024_512_in1/epoch_1860.pt' | ckpt_weights='noisyGRU_models_seq/noisy_D1_GRU_40_6_1024_512_in1/epoch_1860.pth'
[2026-03-27 22:22:57] epoch=1880 | avg_loss=0.000094 | elapsed_s=269575.00 | lr=1.159812e-05 | ckpt_full='noisyGRU_models_seq/noisy_D1_GRU_40_6_1024_512_in1/epoch_1880.pt' | ckpt_weights='noisyGRU_models_seq/noisy_D1_GRU_40_6_1024_512_in1/epoch_1880.pth'
[2026-03-27 23:10:45] epoch=1900 | avg_loss=0.000093 | elapsed_s=272443.02 | lr=1.114291e-05 | ckpt_full='noisyGRU_models_seq/noisy_D1_GRU_40_6_1024_512_in1/epoch_1900.pt' | ckpt_weights='noisyGRU_models_seq/noisy_D1_GRU_40_6_1024_512_in1/epoch_1900.pth'
[2026-03-27 23:58:33] epoch=1920 | avg_loss=0.000093 | elapsed_s=275311.28 | lr=1.070556e-05 | ckpt_full='noisyGRU_models_seq/noisy_D1_GRU_40_6_1024_512_in1/epoch_1920.pt' | ckpt_weights='noisyGRU_models_seq/noisy_D1_GRU_40_6_1024_512_in1/epoch_1920.pth'
[2026-03-28 00:46:23] epoch=1940 | avg_loss=0.000093 | elapsed_s=278181.05 | lr=1.028537e-05 | ckpt_full='noisyGRU_models_seq/noisy_D1_GRU_40_6_1024_512_in1/epoch_1940.pt' | ckpt_weights='noisyGRU_models_seq/noisy_D1_GRU_40_6_1024_512_in1/epoch_1940.pth'
[2026-03-28 01:34:14] epoch=1960 | avg_loss=0.000093 | elapsed_s=281051.39 | lr=9.881683e-06 | ckpt_full='noisyGRU_models_seq/noisy_D1_GRU_40_6_1024_512_in1/epoch_1960.pt' | ckpt_weights='noisyGRU_models_seq/noisy_D1_GRU_40_6_1024_512_in1/epoch_1960.pth'
[2026-03-28 02:22:04] epoch=1980 | avg_loss=0.000093 | elapsed_s=283921.30 | lr=9.493837e-06 | ckpt_full='noisyGRU_models_seq/noisy_D1_GRU_40_6_1024_512_in1/epoch_1980.pt' | ckpt_weights='noisyGRU_models_seq/noisy_D1_GRU_40_6_1024_512_in1/epoch_1980.pth'
[2026-03-28 03:09:54] epoch=2000 | avg_loss=0.000092 | elapsed_s=286791.98 | lr=9.121213e-06 | ckpt_full='noisyGRU_models_seq/noisy_D1_GRU_40_6_1024_512_in1/epoch_2000.pt' | ckpt_weights='noisyGRU_models_seq/noisy_D1_GRU_40_6_1024_512_in1/epoch_2000.pth'
--------------------------------------------------------------------------------
[2026-03-28 03:54:41] Training finished in 286792.05 s
Final checkpoint used: noisyGRU_models_seq/noisy_D1_GRU_40_6_1024_512_in1/epoch_2000.pth
Test video saved: noisyprediction_videos/noisy_D1_GRU_40_6_1024_512_in1.mp4
Average Prediction Time: 0.000475 s
Average Absolute Error (Total): 4.430292 cm
Average Absolute Error (3s): 3.704721 cm
Average Absolute Error (4s): 3.902711 cm
Average Absolute Error (5s): 4.183676 cm
--------------------------------------------------------------------------------

