================================================================================
[2025-08-26 10:20:01] Starting model: noisy_D1_GRU_40_6_1024_1024_512
Config: {"hidden_sizes": [1024, 1024, 512], "sequence_length": 800, "output_size": 120, "x_seconds": 4, "w": 30, "learning_rate": 0.001, "batch_size": 256, "epochs": 400}
Device: cuda | GPU_INDEX=0
Trainable parameters: 11,876,472
noise_std=0.05, meters_to_cm=25
Checkpoints every 20 epochs | Logs every 20 epochs
================================================================================
[2025-08-26 13:26:38] epoch=20 | avg_loss=0.021704 | elapsed_s=11196.28 | lr=8.179069e-04 | ckpt_full='noisyGRU_models_seq/noisy_D1_GRU_40_6_1024_1024_512/epoch_20.pt' | ckpt_weights='noisyGRU_models_seq/noisy_D1_GRU_40_6_1024_1024_512/epoch_20.pth'
[2025-08-26 16:27:06] epoch=40 | avg_loss=nan | elapsed_s=22023.94 | lr=6.689718e-04 | ckpt_full='noisyGRU_models_seq/noisy_D1_GRU_40_6_1024_1024_512/epoch_40.pt' | ckpt_weights='noisyGRU_models_seq/noisy_D1_GRU_40_6_1024_1024_512/epoch_40.pth'
[2025-08-26 19:24:54] epoch=60 | avg_loss=nan | elapsed_s=32691.47 | lr=5.471566e-04 | ckpt_full='noisyGRU_models_seq/noisy_D1_GRU_40_6_1024_1024_512/epoch_60.pt' | ckpt_weights='noisyGRU_models_seq/noisy_D1_GRU_40_6_1024_1024_512/epoch_60.pth'
[2025-08-26 22:22:43] epoch=80 | avg_loss=nan | elapsed_s=43361.06 | lr=4.475232e-04 | ckpt_full='noisyGRU_models_seq/noisy_D1_GRU_40_6_1024_1024_512/epoch_80.pt' | ckpt_weights='noisyGRU_models_seq/noisy_D1_GRU_40_6_1024_1024_512/epoch_80.pth'
[2025-08-27 01:11:02] epoch=100 | avg_loss=nan | elapsed_s=53459.59 | lr=3.660323e-04 | ckpt_full='noisyGRU_models_seq/noisy_D1_GRU_40_6_1024_1024_512/epoch_100.pt' | ckpt_weights='noisyGRU_models_seq/noisy_D1_GRU_40_6_1024_1024_512/epoch_100.pth'
[2025-08-27 03:07:26] epoch=120 | avg_loss=nan | elapsed_s=60444.44 | lr=2.993804e-04 | ckpt_full='noisyGRU_models_seq/noisy_D1_GRU_40_6_1024_1024_512/epoch_120.pt' | ckpt_weights='noisyGRU_models_seq/noisy_D1_GRU_40_6_1024_1024_512/epoch_120.pth'
[2025-08-27 06:03:04] epoch=140 | avg_loss=nan | elapsed_s=70982.33 | lr=2.448653e-04 | ckpt_full='noisyGRU_models_seq/noisy_D1_GRU_40_6_1024_1024_512/epoch_140.pt' | ckpt_weights='noisyGRU_models_seq/noisy_D1_GRU_40_6_1024_1024_512/epoch_140.pth'
[2025-08-27 08:58:44] epoch=160 | avg_loss=nan | elapsed_s=81521.70 | lr=2.002770e-04 | ckpt_full='noisyGRU_models_seq/noisy_D1_GRU_40_6_1024_1024_512/epoch_160.pt' | ckpt_weights='noisyGRU_models_seq/noisy_D1_GRU_40_6_1024_1024_512/epoch_160.pth'
[2025-08-27 11:53:52] epoch=180 | avg_loss=nan | elapsed_s=92029.49 | lr=1.638080e-04 | ckpt_full='noisyGRU_models_seq/noisy_D1_GRU_40_6_1024_1024_512/epoch_180.pt' | ckpt_weights='noisyGRU_models_seq/noisy_D1_GRU_40_6_1024_1024_512/epoch_180.pth'
[2025-08-27 14:49:08] epoch=200 | avg_loss=nan | elapsed_s=102545.74 | lr=1.339797e-04 | ckpt_full='noisyGRU_models_seq/noisy_D1_GRU_40_6_1024_1024_512/epoch_200.pt' | ckpt_weights='noisyGRU_models_seq/noisy_D1_GRU_40_6_1024_1024_512/epoch_200.pth'
[2025-08-27 16:55:12] epoch=220 | avg_loss=nan | elapsed_s=110110.03 | lr=1.095829e-04 | ckpt_full='noisyGRU_models_seq/noisy_D1_GRU_40_6_1024_1024_512/epoch_220.pt' | ckpt_weights='noisyGRU_models_seq/noisy_D1_GRU_40_6_1024_1024_512/epoch_220.pth'
[2025-08-27 18:16:42] epoch=240 | avg_loss=nan | elapsed_s=115000.08 | lr=8.962862e-05 | ckpt_full='noisyGRU_models_seq/noisy_D1_GRU_40_6_1024_1024_512/epoch_240.pt' | ckpt_weights='noisyGRU_models_seq/noisy_D1_GRU_40_6_1024_1024_512/epoch_240.pth'
[2025-08-27 19:38:04] epoch=260 | avg_loss=nan | elapsed_s=119882.22 | lr=7.330787e-05 | ckpt_full='noisyGRU_models_seq/noisy_D1_GRU_40_6_1024_1024_512/epoch_260.pt' | ckpt_weights='noisyGRU_models_seq/noisy_D1_GRU_40_6_1024_1024_512/epoch_260.pth'
[2025-08-27 20:59:24] epoch=280 | avg_loss=nan | elapsed_s=124762.47 | lr=5.995901e-05 | ckpt_full='noisyGRU_models_seq/noisy_D1_GRU_40_6_1024_1024_512/epoch_280.pt' | ckpt_weights='noisyGRU_models_seq/noisy_D1_GRU_40_6_1024_1024_512/epoch_280.pth'
[2025-08-27 22:20:49] epoch=300 | avg_loss=nan | elapsed_s=129646.62 | lr=4.904089e-05 | ckpt_full='noisyGRU_models_seq/noisy_D1_GRU_40_6_1024_1024_512/epoch_300.pt' | ckpt_weights='noisyGRU_models_seq/noisy_D1_GRU_40_6_1024_1024_512/epoch_300.pth'
[2025-08-27 23:42:17] epoch=320 | avg_loss=nan | elapsed_s=134534.58 | lr=4.011089e-05 | ckpt_full='noisyGRU_models_seq/noisy_D1_GRU_40_6_1024_1024_512/epoch_320.pt' | ckpt_weights='noisyGRU_models_seq/noisy_D1_GRU_40_6_1024_1024_512/epoch_320.pth'
[2025-08-28 01:03:39] epoch=340 | avg_loss=nan | elapsed_s=139416.68 | lr=3.280697e-05 | ckpt_full='noisyGRU_models_seq/noisy_D1_GRU_40_6_1024_1024_512/epoch_340.pt' | ckpt_weights='noisyGRU_models_seq/noisy_D1_GRU_40_6_1024_1024_512/epoch_340.pth'
[2025-08-28 02:24:54] epoch=360 | avg_loss=nan | elapsed_s=144292.27 | lr=2.683305e-05 | ckpt_full='noisyGRU_models_seq/noisy_D1_GRU_40_6_1024_1024_512/epoch_360.pt' | ckpt_weights='noisyGRU_models_seq/noisy_D1_GRU_40_6_1024_1024_512/epoch_360.pth'
[2025-08-28 03:46:10] epoch=380 | avg_loss=nan | elapsed_s=149167.74 | lr=2.194694e-05 | ckpt_full='noisyGRU_models_seq/noisy_D1_GRU_40_6_1024_1024_512/epoch_380.pt' | ckpt_weights='noisyGRU_models_seq/noisy_D1_GRU_40_6_1024_1024_512/epoch_380.pth'
[2025-08-28 05:07:27] epoch=400 | avg_loss=nan | elapsed_s=154044.59 | lr=1.795055e-05 | ckpt_full='noisyGRU_models_seq/noisy_D1_GRU_40_6_1024_1024_512/epoch_400.pt' | ckpt_weights='noisyGRU_models_seq/noisy_D1_GRU_40_6_1024_1024_512/epoch_400.pth'
--------------------------------------------------------------------------------
[2025-08-28 05:56:33] Training finished in 154044.73 s
Final checkpoint used: noisyGRU_models_seq/noisy_D1_GRU_40_6_1024_1024_512/epoch_400.pt
Test video saved: noisyprediction_videos/noisy_D1_GRU_40_6_1024_1024_512.mp4
Average Prediction Time: 0.000569 s
Average Absolute Error (Total): nan cm
Average Absolute Error (3s): nan cm
Average Absolute Error (4s): nan cm
Average Absolute Error (5s): nan cm
--------------------------------------------------------------------------------

