================================================================================
[2025-08-25 23:07:41] Starting model: noisy_D1_GRU_40_6_128_128_64_64
Config: {"hidden_sizes": [128, 128, 64, 64], "sequence_length": 800, "output_size": 120, "x_seconds": 4, "w": 30, "learning_rate": 0.001, "batch_size": 1024, "epochs": 400}
Device: cuda | GPU_INDEX=0
Trainable parameters: 219,384
noise_std=0.05, meters_to_cm=25
Checkpoints every 20 epochs | Logs every 20 epochs
================================================================================
[2025-08-25 23:21:52] epoch=20 | avg_loss=0.304211 | elapsed_s=849.96 | lr=8.179069e-04 | ckpt_full='noisyGRU_models_seq/noisy_D1_GRU_40_6_128_128_64_64/epoch_20.pt' | ckpt_weights='noisyGRU_models_seq/noisy_D1_GRU_40_6_128_128_64_64/epoch_20.pth'
[2025-08-25 23:36:02] epoch=40 | avg_loss=0.280811 | elapsed_s=1700.30 | lr=6.689718e-04 | ckpt_full='noisyGRU_models_seq/noisy_D1_GRU_40_6_128_128_64_64/epoch_40.pt' | ckpt_weights='noisyGRU_models_seq/noisy_D1_GRU_40_6_128_128_64_64/epoch_40.pth'
[2025-08-25 23:50:13] epoch=60 | avg_loss=0.264506 | elapsed_s=2551.28 | lr=5.471566e-04 | ckpt_full='noisyGRU_models_seq/noisy_D1_GRU_40_6_128_128_64_64/epoch_60.pt' | ckpt_weights='noisyGRU_models_seq/noisy_D1_GRU_40_6_128_128_64_64/epoch_60.pth'
[2025-08-26 00:04:23] epoch=80 | avg_loss=0.243351 | elapsed_s=3400.55 | lr=4.475232e-04 | ckpt_full='noisyGRU_models_seq/noisy_D1_GRU_40_6_128_128_64_64/epoch_80.pt' | ckpt_weights='noisyGRU_models_seq/noisy_D1_GRU_40_6_128_128_64_64/epoch_80.pth'
[2025-08-26 00:18:32] epoch=100 | avg_loss=0.222444 | elapsed_s=4249.71 | lr=3.660323e-04 | ckpt_full='noisyGRU_models_seq/noisy_D1_GRU_40_6_128_128_64_64/epoch_100.pt' | ckpt_weights='noisyGRU_models_seq/noisy_D1_GRU_40_6_128_128_64_64/epoch_100.pth'
[2025-08-26 00:32:41] epoch=120 | avg_loss=0.198937 | elapsed_s=5098.88 | lr=2.993804e-04 | ckpt_full='noisyGRU_models_seq/noisy_D1_GRU_40_6_128_128_64_64/epoch_120.pt' | ckpt_weights='noisyGRU_models_seq/noisy_D1_GRU_40_6_128_128_64_64/epoch_120.pth'
[2025-08-26 00:46:51] epoch=140 | avg_loss=0.176743 | elapsed_s=5949.54 | lr=2.448653e-04 | ckpt_full='noisyGRU_models_seq/noisy_D1_GRU_40_6_128_128_64_64/epoch_140.pt' | ckpt_weights='noisyGRU_models_seq/noisy_D1_GRU_40_6_128_128_64_64/epoch_140.pth'
[2025-08-26 01:01:03] epoch=160 | avg_loss=0.157074 | elapsed_s=6801.33 | lr=2.002770e-04 | ckpt_full='noisyGRU_models_seq/noisy_D1_GRU_40_6_128_128_64_64/epoch_160.pt' | ckpt_weights='noisyGRU_models_seq/noisy_D1_GRU_40_6_128_128_64_64/epoch_160.pth'
[2025-08-26 01:15:13] epoch=180 | avg_loss=0.140141 | elapsed_s=7651.43 | lr=1.638080e-04 | ckpt_full='noisyGRU_models_seq/noisy_D1_GRU_40_6_128_128_64_64/epoch_180.pt' | ckpt_weights='noisyGRU_models_seq/noisy_D1_GRU_40_6_128_128_64_64/epoch_180.pth'
[2025-08-26 01:29:23] epoch=200 | avg_loss=0.125786 | elapsed_s=8501.11 | lr=1.339797e-04 | ckpt_full='noisyGRU_models_seq/noisy_D1_GRU_40_6_128_128_64_64/epoch_200.pt' | ckpt_weights='noisyGRU_models_seq/noisy_D1_GRU_40_6_128_128_64_64/epoch_200.pth'
[2025-08-26 01:43:33] epoch=220 | avg_loss=0.113845 | elapsed_s=9350.83 | lr=1.095829e-04 | ckpt_full='noisyGRU_models_seq/noisy_D1_GRU_40_6_128_128_64_64/epoch_220.pt' | ckpt_weights='noisyGRU_models_seq/noisy_D1_GRU_40_6_128_128_64_64/epoch_220.pth'
[2025-08-26 01:57:43] epoch=240 | avg_loss=0.105286 | elapsed_s=10201.48 | lr=8.962862e-05 | ckpt_full='noisyGRU_models_seq/noisy_D1_GRU_40_6_128_128_64_64/epoch_240.pt' | ckpt_weights='noisyGRU_models_seq/noisy_D1_GRU_40_6_128_128_64_64/epoch_240.pth'
[2025-08-26 02:11:55] epoch=260 | avg_loss=0.097220 | elapsed_s=11053.39 | lr=7.330787e-05 | ckpt_full='noisyGRU_models_seq/noisy_D1_GRU_40_6_128_128_64_64/epoch_260.pt' | ckpt_weights='noisyGRU_models_seq/noisy_D1_GRU_40_6_128_128_64_64/epoch_260.pth'
[2025-08-26 02:26:07] epoch=280 | avg_loss=0.091325 | elapsed_s=11904.79 | lr=5.995901e-05 | ckpt_full='noisyGRU_models_seq/noisy_D1_GRU_40_6_128_128_64_64/epoch_280.pt' | ckpt_weights='noisyGRU_models_seq/noisy_D1_GRU_40_6_128_128_64_64/epoch_280.pth'
[2025-08-26 02:40:17] epoch=300 | avg_loss=0.086380 | elapsed_s=12754.59 | lr=4.904089e-05 | ckpt_full='noisyGRU_models_seq/noisy_D1_GRU_40_6_128_128_64_64/epoch_300.pt' | ckpt_weights='noisyGRU_models_seq/noisy_D1_GRU_40_6_128_128_64_64/epoch_300.pth'
[2025-08-26 02:54:26] epoch=320 | avg_loss=0.082484 | elapsed_s=13604.29 | lr=4.011089e-05 | ckpt_full='noisyGRU_models_seq/noisy_D1_GRU_40_6_128_128_64_64/epoch_320.pt' | ckpt_weights='noisyGRU_models_seq/noisy_D1_GRU_40_6_128_128_64_64/epoch_320.pth'
[2025-08-26 03:08:37] epoch=340 | avg_loss=0.079389 | elapsed_s=14454.84 | lr=3.280697e-05 | ckpt_full='noisyGRU_models_seq/noisy_D1_GRU_40_6_128_128_64_64/epoch_340.pt' | ckpt_weights='noisyGRU_models_seq/noisy_D1_GRU_40_6_128_128_64_64/epoch_340.pth'
[2025-08-26 03:22:49] epoch=360 | avg_loss=0.076770 | elapsed_s=15306.64 | lr=2.683305e-05 | ckpt_full='noisyGRU_models_seq/noisy_D1_GRU_40_6_128_128_64_64/epoch_360.pt' | ckpt_weights='noisyGRU_models_seq/noisy_D1_GRU_40_6_128_128_64_64/epoch_360.pth'
[2025-08-26 03:37:00] epoch=380 | avg_loss=0.074665 | elapsed_s=16158.45 | lr=2.194694e-05 | ckpt_full='noisyGRU_models_seq/noisy_D1_GRU_40_6_128_128_64_64/epoch_380.pt' | ckpt_weights='noisyGRU_models_seq/noisy_D1_GRU_40_6_128_128_64_64/epoch_380.pth'
[2025-08-26 03:51:11] epoch=400 | avg_loss=0.073103 | elapsed_s=17008.60 | lr=1.795055e-05 | ckpt_full='noisyGRU_models_seq/noisy_D1_GRU_40_6_128_128_64_64/epoch_400.pt' | ckpt_weights='noisyGRU_models_seq/noisy_D1_GRU_40_6_128_128_64_64/epoch_400.pth'
--------------------------------------------------------------------------------
[2025-08-26 04:51:34] Training finished in 17008.61 s
Final checkpoint used: noisyGRU_models_seq/noisy_D1_GRU_40_6_128_128_64_64/epoch_400.pt
Test video saved: noisyprediction_videos/noisy_D1_GRU_40_6_128_128_64_64.mp4
Average Prediction Time: 0.000676 s
Average Absolute Error (Total): 6.472879 cm
Average Absolute Error (3s): 6.001036 cm
Average Absolute Error (4s): 5.583803 cm
Average Absolute Error (5s): 5.908818 cm
--------------------------------------------------------------------------------

