================================================================================
[2025-12-10 14:10:28] Starting model: noisy_D1_GRU_40_6_1024_512
Config: {"hidden_sizes": [1024, 512], "sequence_length": 800, "output_size": 120, "x_seconds": 4, "w": 30, "learning_rate": 0.0007, "batch_size": 600, "epochs": 800}
Device: cuda | GPU_INDEX=0
Trainable parameters: 5,578,872
noise_std=0.05, meters_to_cm=25
USE_MCA=False, MCA_P=None, MCA_ENERGY_CUTOFF=0.01, MCA_CENTER=True, MCA_RIDGE=1e-06
Checkpoints every 20 epochs | Logs every 20 epochs
================================================================================
================================================================================
[2025-12-10 14:10:55] Starting model: noisy_D1_GRU_40_6_1024_512
Config: {"hidden_sizes": [1024, 512], "sequence_length": 800, "output_size": 120, "x_seconds": 4, "w": 30, "learning_rate": 0.0007, "batch_size": 600, "epochs": 800}
Device: cuda | GPU_INDEX=0
Trainable parameters: 5,578,872
noise_std=0.05, meters_to_cm=25
USE_MCA=False, MCA_P=None, MCA_ENERGY_CUTOFF=0.01, MCA_CENTER=True, MCA_RIDGE=1e-06
Checkpoints every 20 epochs | Logs every 20 epochs
================================================================================
[2025-12-10 14:10:56] RESUME=False | Starting fresh from epoch 1.
[2025-12-10 14:53:39] epoch=20 | avg_loss=0.248706 | elapsed_s=2562.82 | lr=5.725349e-04 | ckpt_full='noisyGRU_models_seq/noisy_D1_GRU_40_6_1024_512/epoch_20.pt' | ckpt_weights='noisyGRU_models_seq/noisy_D1_GRU_40_6_1024_512/epoch_20.pth'
[2025-12-10 15:36:22] epoch=40 | avg_loss=0.047279 | elapsed_s=5125.81 | lr=4.682802e-04 | ckpt_full='noisyGRU_models_seq/noisy_D1_GRU_40_6_1024_512/epoch_40.pt' | ckpt_weights='noisyGRU_models_seq/noisy_D1_GRU_40_6_1024_512/epoch_40.pth'
[2025-12-10 16:19:05] epoch=60 | avg_loss=0.022835 | elapsed_s=7688.63 | lr=3.830096e-04 | ckpt_full='noisyGRU_models_seq/noisy_D1_GRU_40_6_1024_512/epoch_60.pt' | ckpt_weights='noisyGRU_models_seq/noisy_D1_GRU_40_6_1024_512/epoch_60.pth'
[2025-12-10 17:01:48] epoch=80 | avg_loss=0.014882 | elapsed_s=10251.55 | lr=3.132662e-04 | ckpt_full='noisyGRU_models_seq/noisy_D1_GRU_40_6_1024_512/epoch_80.pt' | ckpt_weights='noisyGRU_models_seq/noisy_D1_GRU_40_6_1024_512/epoch_80.pth'
[2025-12-10 17:44:31] epoch=100 | avg_loss=0.011331 | elapsed_s=12815.14 | lr=2.562226e-04 | ckpt_full='noisyGRU_models_seq/noisy_D1_GRU_40_6_1024_512/epoch_100.pt' | ckpt_weights='noisyGRU_models_seq/noisy_D1_GRU_40_6_1024_512/epoch_100.pth'
[2025-12-10 18:52:04] epoch=120 | avg_loss=0.009152 | elapsed_s=16868.40 | lr=2.095663e-04 | ckpt_full='noisyGRU_models_seq/noisy_D1_GRU_40_6_1024_512/epoch_120.pt' | ckpt_weights='noisyGRU_models_seq/noisy_D1_GRU_40_6_1024_512/epoch_120.pth'
[2025-12-10 20:11:28] epoch=140 | avg_loss=0.007803 | elapsed_s=21632.37 | lr=1.714057e-04 | ckpt_full='noisyGRU_models_seq/noisy_D1_GRU_40_6_1024_512/epoch_140.pt' | ckpt_weights='noisyGRU_models_seq/noisy_D1_GRU_40_6_1024_512/epoch_140.pth'
[2025-12-10 21:17:35] epoch=160 | avg_loss=0.006853 | elapsed_s=25599.02 | lr=1.401939e-04 | ckpt_full='noisyGRU_models_seq/noisy_D1_GRU_40_6_1024_512/epoch_160.pt' | ckpt_weights='noisyGRU_models_seq/noisy_D1_GRU_40_6_1024_512/epoch_160.pth'
[2025-12-10 22:00:18] epoch=180 | avg_loss=0.006172 | elapsed_s=28161.66 | lr=1.146656e-04 | ckpt_full='noisyGRU_models_seq/noisy_D1_GRU_40_6_1024_512/epoch_180.pt' | ckpt_weights='noisyGRU_models_seq/noisy_D1_GRU_40_6_1024_512/epoch_180.pth'
[2025-12-10 22:43:02] epoch=200 | avg_loss=0.005716 | elapsed_s=30725.54 | lr=9.378577e-05 | ckpt_full='noisyGRU_models_seq/noisy_D1_GRU_40_6_1024_512/epoch_200.pt' | ckpt_weights='noisyGRU_models_seq/noisy_D1_GRU_40_6_1024_512/epoch_200.pth'
[2025-12-10 23:25:47] epoch=220 | avg_loss=0.005328 | elapsed_s=33290.54 | lr=7.670803e-05 | ckpt_full='noisyGRU_models_seq/noisy_D1_GRU_40_6_1024_512/epoch_220.pt' | ckpt_weights='noisyGRU_models_seq/noisy_D1_GRU_40_6_1024_512/epoch_220.pth'
[2025-12-11 00:08:31] epoch=240 | avg_loss=0.004999 | elapsed_s=35855.04 | lr=6.274003e-05 | ckpt_full='noisyGRU_models_seq/noisy_D1_GRU_40_6_1024_512/epoch_240.pt' | ckpt_weights='noisyGRU_models_seq/noisy_D1_GRU_40_6_1024_512/epoch_240.pth'
[2025-12-11 00:51:14] epoch=260 | avg_loss=0.004792 | elapsed_s=38417.98 | lr=5.131551e-05 | ckpt_full='noisyGRU_models_seq/noisy_D1_GRU_40_6_1024_512/epoch_260.pt' | ckpt_weights='noisyGRU_models_seq/noisy_D1_GRU_40_6_1024_512/epoch_260.pth'
[2025-12-11 01:33:58] epoch=280 | avg_loss=0.004583 | elapsed_s=40982.17 | lr=4.197131e-05 | ckpt_full='noisyGRU_models_seq/noisy_D1_GRU_40_6_1024_512/epoch_280.pt' | ckpt_weights='noisyGRU_models_seq/noisy_D1_GRU_40_6_1024_512/epoch_280.pth'
[2025-12-11 02:16:43] epoch=300 | avg_loss=0.004442 | elapsed_s=43546.45 | lr=3.432863e-05 | ckpt_full='noisyGRU_models_seq/noisy_D1_GRU_40_6_1024_512/epoch_300.pt' | ckpt_weights='noisyGRU_models_seq/noisy_D1_GRU_40_6_1024_512/epoch_300.pth'
[2025-12-11 02:59:26] epoch=320 | avg_loss=0.004318 | elapsed_s=46110.37 | lr=2.807762e-05 | ckpt_full='noisyGRU_models_seq/noisy_D1_GRU_40_6_1024_512/epoch_320.pt' | ckpt_weights='noisyGRU_models_seq/noisy_D1_GRU_40_6_1024_512/epoch_320.pth'
[2025-12-11 03:42:10] epoch=340 | avg_loss=0.004223 | elapsed_s=48673.98 | lr=2.296488e-05 | ckpt_full='noisyGRU_models_seq/noisy_D1_GRU_40_6_1024_512/epoch_340.pt' | ckpt_weights='noisyGRU_models_seq/noisy_D1_GRU_40_6_1024_512/epoch_340.pth'
[2025-12-11 04:24:53] epoch=360 | avg_loss=0.004139 | elapsed_s=51237.41 | lr=1.878314e-05 | ckpt_full='noisyGRU_models_seq/noisy_D1_GRU_40_6_1024_512/epoch_360.pt' | ckpt_weights='noisyGRU_models_seq/noisy_D1_GRU_40_6_1024_512/epoch_360.pth'
[2025-12-11 05:07:36] epoch=380 | avg_loss=0.004072 | elapsed_s=53800.17 | lr=1.536286e-05 | ckpt_full='noisyGRU_models_seq/noisy_D1_GRU_40_6_1024_512/epoch_380.pt' | ckpt_weights='noisyGRU_models_seq/noisy_D1_GRU_40_6_1024_512/epoch_380.pth'
[2025-12-11 05:50:20] epoch=400 | avg_loss=0.004011 | elapsed_s=56363.80 | lr=1.256539e-05 | ckpt_full='noisyGRU_models_seq/noisy_D1_GRU_40_6_1024_512/epoch_400.pt' | ckpt_weights='noisyGRU_models_seq/noisy_D1_GRU_40_6_1024_512/epoch_400.pth'
[2025-12-11 06:33:03] epoch=420 | avg_loss=0.003966 | elapsed_s=58927.08 | lr=1.027732e-05 | ckpt_full='noisyGRU_models_seq/noisy_D1_GRU_40_6_1024_512/epoch_420.pt' | ckpt_weights='noisyGRU_models_seq/noisy_D1_GRU_40_6_1024_512/epoch_420.pth'
[2025-12-11 07:15:47] epoch=440 | avg_loss=0.003927 | elapsed_s=61490.54 | lr=8.405889e-06 | ckpt_full='noisyGRU_models_seq/noisy_D1_GRU_40_6_1024_512/epoch_440.pt' | ckpt_weights='noisyGRU_models_seq/noisy_D1_GRU_40_6_1024_512/epoch_440.pth'
[2025-12-11 07:58:30] epoch=460 | avg_loss=0.003896 | elapsed_s=64053.86 | lr=6.875235e-06 | ckpt_full='noisyGRU_models_seq/noisy_D1_GRU_40_6_1024_512/epoch_460.pt' | ckpt_weights='noisyGRU_models_seq/noisy_D1_GRU_40_6_1024_512/epoch_460.pth'
[2025-12-11 08:41:12] epoch=480 | avg_loss=0.003874 | elapsed_s=66616.33 | lr=5.623303e-06 | ckpt_full='noisyGRU_models_seq/noisy_D1_GRU_40_6_1024_512/epoch_480.pt' | ckpt_weights='noisyGRU_models_seq/noisy_D1_GRU_40_6_1024_512/epoch_480.pth'
[2025-12-11 09:23:55] epoch=500 | avg_loss=0.003853 | elapsed_s=69179.02 | lr=4.599338e-06 | ckpt_full='noisyGRU_models_seq/noisy_D1_GRU_40_6_1024_512/epoch_500.pt' | ckpt_weights='noisyGRU_models_seq/noisy_D1_GRU_40_6_1024_512/epoch_500.pth'
[2025-12-11 10:06:37] epoch=520 | avg_loss=0.003832 | elapsed_s=71741.26 | lr=3.761831e-06 | ckpt_full='noisyGRU_models_seq/noisy_D1_GRU_40_6_1024_512/epoch_520.pt' | ckpt_weights='noisyGRU_models_seq/noisy_D1_GRU_40_6_1024_512/epoch_520.pth'
[2025-12-11 10:49:20] epoch=540 | avg_loss=0.003828 | elapsed_s=74304.20 | lr=3.076827e-06 | ckpt_full='noisyGRU_models_seq/noisy_D1_GRU_40_6_1024_512/epoch_540.pt' | ckpt_weights='noisyGRU_models_seq/noisy_D1_GRU_40_6_1024_512/epoch_540.pth'
[2025-12-11 11:32:03] epoch=560 | avg_loss=0.003811 | elapsed_s=76867.11 | lr=2.516558e-06 | ckpt_full='noisyGRU_models_seq/noisy_D1_GRU_40_6_1024_512/epoch_560.pt' | ckpt_weights='noisyGRU_models_seq/noisy_D1_GRU_40_6_1024_512/epoch_560.pth'
[2025-12-11 12:14:47] epoch=580 | avg_loss=0.003797 | elapsed_s=79430.68 | lr=2.058311e-06 | ckpt_full='noisyGRU_models_seq/noisy_D1_GRU_40_6_1024_512/epoch_580.pt' | ckpt_weights='noisyGRU_models_seq/noisy_D1_GRU_40_6_1024_512/epoch_580.pth'
[2025-12-11 13:03:54] epoch=600 | avg_loss=0.003792 | elapsed_s=82377.87 | lr=1.683507e-06 | ckpt_full='noisyGRU_models_seq/noisy_D1_GRU_40_6_1024_512/epoch_600.pt' | ckpt_weights='noisyGRU_models_seq/noisy_D1_GRU_40_6_1024_512/epoch_600.pth'
[2025-12-11 14:45:20] epoch=620 | avg_loss=0.003780 | elapsed_s=88463.64 | lr=1.376952e-06 | ckpt_full='noisyGRU_models_seq/noisy_D1_GRU_40_6_1024_512/epoch_620.pt' | ckpt_weights='noisyGRU_models_seq/noisy_D1_GRU_40_6_1024_512/epoch_620.pth'
[2025-12-11 16:28:04] epoch=640 | avg_loss=0.003782 | elapsed_s=94627.47 | lr=1.126218e-06 | ckpt_full='noisyGRU_models_seq/noisy_D1_GRU_40_6_1024_512/epoch_640.pt' | ckpt_weights='noisyGRU_models_seq/noisy_D1_GRU_40_6_1024_512/epoch_640.pth'
[2025-12-11 18:06:01] epoch=660 | avg_loss=0.003770 | elapsed_s=100505.36 | lr=9.211418e-07 | ckpt_full='noisyGRU_models_seq/noisy_D1_GRU_40_6_1024_512/epoch_660.pt' | ckpt_weights='noisyGRU_models_seq/noisy_D1_GRU_40_6_1024_512/epoch_660.pth'
[2025-12-11 19:02:45] epoch=680 | avg_loss=0.003767 | elapsed_s=103908.52 | lr=7.534082e-07 | ckpt_full='noisyGRU_models_seq/noisy_D1_GRU_40_6_1024_512/epoch_680.pt' | ckpt_weights='noisyGRU_models_seq/noisy_D1_GRU_40_6_1024_512/epoch_680.pth'
[2025-12-11 19:59:12] epoch=700 | avg_loss=0.003769 | elapsed_s=107296.31 | lr=6.162178e-07 | ckpt_full='noisyGRU_models_seq/noisy_D1_GRU_40_6_1024_512/epoch_700.pt' | ckpt_weights='noisyGRU_models_seq/noisy_D1_GRU_40_6_1024_512/epoch_700.pth'
[2025-12-11 20:55:45] epoch=720 | avg_loss=0.003760 | elapsed_s=110688.48 | lr=5.040088e-07 | ckpt_full='noisyGRU_models_seq/noisy_D1_GRU_40_6_1024_512/epoch_720.pt' | ckpt_weights='noisyGRU_models_seq/noisy_D1_GRU_40_6_1024_512/epoch_720.pth'
[2025-12-11 21:52:20] epoch=740 | avg_loss=0.003765 | elapsed_s=114084.12 | lr=4.122323e-07 | ckpt_full='noisyGRU_models_seq/noisy_D1_GRU_40_6_1024_512/epoch_740.pt' | ckpt_weights='noisyGRU_models_seq/noisy_D1_GRU_40_6_1024_512/epoch_740.pth'
[2025-12-11 22:49:03] epoch=760 | avg_loss=0.003757 | elapsed_s=117486.90 | lr=3.371677e-07 | ckpt_full='noisyGRU_models_seq/noisy_D1_GRU_40_6_1024_512/epoch_760.pt' | ckpt_weights='noisyGRU_models_seq/noisy_D1_GRU_40_6_1024_512/epoch_760.pth'
[2025-12-11 23:45:42] epoch=780 | avg_loss=0.003755 | elapsed_s=120885.47 | lr=2.757718e-07 | ckpt_full='noisyGRU_models_seq/noisy_D1_GRU_40_6_1024_512/epoch_780.pt' | ckpt_weights='noisyGRU_models_seq/noisy_D1_GRU_40_6_1024_512/epoch_780.pth'
[2025-12-12 00:42:19] epoch=800 | avg_loss=0.003755 | elapsed_s=124282.39 | lr=2.255557e-07 | ckpt_full='noisyGRU_models_seq/noisy_D1_GRU_40_6_1024_512/epoch_800.pt' | ckpt_weights='noisyGRU_models_seq/noisy_D1_GRU_40_6_1024_512/epoch_800.pth'
--------------------------------------------------------------------------------
[2025-12-12 02:00:42] Training finished in 124282.49 s
Final checkpoint used: noisyGRU_models_seq/noisy_D1_GRU_40_6_1024_512/epoch_800.pth
Test video saved: noisyGRU_videos/noisy_D1_GRU_40_6_1024_512.mp4
Average Prediction Time: 0.815897 ms
Average Absolute Error (Total): 4.581072 cm
Average Absolute Error (3s): 3.693767 cm
Average Absolute Error (4s): 3.952625 cm
Average Absolute Error (5s): 4.270431 cm
--------------------------------------------------------------------------------

