
================================================================================
Timestamp: 2025-09-10 11:41:07.942173
Traceback (most recent call last):
  File "/home/rycker/projects/ML_heave/seq_lstm/LSTM_brute.py", line 678, in <module>
    main()
  File "/home/rycker/projects/ML_heave/seq_lstm/LSTM_brute.py", line 458, in main
    loss_first_x    = nn.functional.mse_loss(outputs[:, :x_time_steps], first_x_steps) * w
                      ^^^^^^^^^^^^^^^^^^^^^^^^^^^^^^^^^^^^^^^^^^^^^^^^^^^^^^^^^^^^^^^^
  File "/home/rycker/src/anaconda3/envs/py311/lib/python3.11/site-packages/torch/nn/functional.py", line 3905, in mse_loss
    return torch._C._nn.mse_loss(
           ^^^^^^^^^^^^^^^^^^^^^^
KeyboardInterrupt
================================================================================

================================================================================
Timestamp: 2025-09-10 11:41:34.594848
Traceback (most recent call last):
  File "/home/rycker/projects/ML_heave/seq_lstm/LSTM_brute.py", line 678, in <module>
    main()
  File "/home/rycker/projects/ML_heave/seq_lstm/LSTM_brute.py", line 462, in main
    continuity_loss = torch.mean((outputs[:, 1:] - outputs[:, :-1]) ** 2)
                                 ~~~~~~~~~~~~~~~~~~~~~~~~~~~~~~~~~~~^~~~
  File "/home/rycker/src/anaconda3/envs/py311/lib/python3.11/site-packages/torch/_tensor.py", line 33, in wrapped
    @functools.wraps(f, assigned=assigned)
    
KeyboardInterrupt
================================================================================

================================================================================
Timestamp: 2025-09-10 11:55:15.215254
Traceback (most recent call last):
  File "/home/rycker/projects/ML_heave/seq_lstm/LSTM_brute.py", line 678, in <module>
    main()
  File "/home/rycker/projects/ML_heave/seq_lstm/LSTM_brute.py", line 473, in main
    loss.backward()
  File "/home/rycker/src/anaconda3/envs/py311/lib/python3.11/site-packages/torch/_tensor.py", line 648, in backward
    torch.autograd.backward(
  File "/home/rycker/src/anaconda3/envs/py311/lib/python3.11/site-packages/torch/autograd/__init__.py", line 353, in backward
    _engine_run_backward(
  File "/home/rycker/src/anaconda3/envs/py311/lib/python3.11/site-packages/torch/autograd/graph.py", line 824, in _engine_run_backward
    return Variable._execution_engine.run_backward(  # Calls into the C++ engine to run the backward pass
           ^^^^^^^^^^^^^^^^^^^^^^^^^^^^^^^^^^^^^^^^^^^^^^^^^^^^^^^^^^^^^^^^^^^^^^^^^^^^^^^^^^^^^^^^^^^^^^
KeyboardInterrupt
================================================================================
