================================================================================
[2025-09-12 10:41:20] Starting model: noisy_D1_LSTM_40_6_2048_1024_512
Config: {"hidden_sizes": [2048, 1024, 512], "sequence_length": 800, "output_size": 120, "x_seconds": 4, "w": 10, "learning_rate": 0.001, "batch_size": 256, "epochs": 200}
Device: cuda | GPU_INDEX=1
Trainable parameters: 32,604,280
noise_std=0.05, meters_to_cm=25
Checkpoints every 20 epochs | Logs every 10 epochs
================================================================================
[2025-09-12 10:41:21] RESUME=False | Starting fresh from epoch 1.
[2025-09-12 12:35:09] epoch=10 | avg_loss=1.725924 | elapsed_s=6826.85 | lr=9.043821e-04 | ckpt_full='noisyLSTM_models_seq/noisy_D1_LSTM_40_6_2048_1024_512/epoch_10.pt' | ckpt_weights='noisyLSTM_models_seq/noisy_D1_LSTM_40_6_2048_1024_512/epoch_10.pth'
[2025-09-12 14:24:40] epoch=20 | avg_loss=1.725867 | elapsed_s=13398.40 | lr=8.179069e-04 | ckpt_full='noisyLSTM_models_seq/noisy_D1_LSTM_40_6_2048_1024_512/epoch_20.pt' | ckpt_weights='noisyLSTM_models_seq/noisy_D1_LSTM_40_6_2048_1024_512/epoch_20.pth'
[2025-09-12 16:09:38] epoch=30 | avg_loss=1.725921 | elapsed_s=19696.50 | lr=7.397004e-04 | ckpt_full='noisyLSTM_models_seq/noisy_D1_LSTM_40_6_2048_1024_512/epoch_30.pt' | ckpt_weights='noisyLSTM_models_seq/noisy_D1_LSTM_40_6_2048_1024_512/epoch_30.pth'
================================================================================
[2025-09-17 00:14:54] Starting model: noisy_D1_LSTM_40_6_2048_1024_512
Config: {"hidden_sizes": [2048, 1024, 512], "sequence_length": 800, "output_size": 120, "x_seconds": 4, "w": 10, "learning_rate": 0.001, "batch_size": 256, "epochs": 200}
Device: cuda | GPU_INDEX=1
Trainable parameters: 32,604,280
noise_std=0.05, meters_to_cm=25
Checkpoints every 20 epochs | Logs every 10 epochs
================================================================================
[2025-09-17 00:14:56] RESUME=True | Resuming from 'noisyLSTM_models_seq/noisy_D1_LSTM_40_6_2048_1024_512/epoch_30.pth' (kind=pth, parsed_epoch=30) → start_epoch=31
================================================================================
[2025-09-17 10:31:26] Starting model: noisy_D1_LSTM_40_6_2048_1024_512
Config: {"hidden_sizes": [2048, 1024, 512], "sequence_length": 800, "output_size": 120, "x_seconds": 4, "w": 10, "learning_rate": 0.001, "batch_size": 256, "epochs": 200}
Device: cuda | GPU_INDEX=1
Trainable parameters: 32,604,280
noise_std=0.05, meters_to_cm=25
Checkpoints every 20 epochs | Logs every 10 epochs
================================================================================
[2025-09-17 10:31:26] RESUME=True | Resuming from 'noisyLSTM_models_seq/noisy_D1_LSTM_40_6_2048_1024_512/epoch_30.pth' (kind=pth, parsed_epoch=30) → start_epoch=31
[2025-09-17 12:16:02] epoch=40 | avg_loss=1.726001 | elapsed_s=6275.02 | lr=9.043821e-04 | ckpt_full='noisyLSTM_models_seq/noisy_D1_LSTM_40_6_2048_1024_512/epoch_40.pt' | ckpt_weights='noisyLSTM_models_seq/noisy_D1_LSTM_40_6_2048_1024_512/epoch_40.pth'
[2025-09-17 14:00:41] epoch=50 | avg_loss=1.725834 | elapsed_s=12554.06 | lr=8.179069e-04 | ckpt_full='noisyLSTM_models_seq/noisy_D1_LSTM_40_6_2048_1024_512/epoch_50.pt' | ckpt_weights='noisyLSTM_models_seq/noisy_D1_LSTM_40_6_2048_1024_512/epoch_50.pth'
[2025-09-17 15:45:22] epoch=60 | avg_loss=1.725817 | elapsed_s=18835.20 | lr=7.397004e-04 | ckpt_full='noisyLSTM_models_seq/noisy_D1_LSTM_40_6_2048_1024_512/epoch_60.pt' | ckpt_weights='noisyLSTM_models_seq/noisy_D1_LSTM_40_6_2048_1024_512/epoch_60.pth'
================================================================================
[2025-09-18 11:01:35] Starting model: noisy_D1_LSTM_40_6_2048_1024_512
Config: {"hidden_sizes": [2048, 1024, 512], "sequence_length": 800, "output_size": 120, "x_seconds": 4, "w": 10, "learning_rate": 0.001, "batch_size": 256, "epochs": 200}
Device: cuda | GPU_INDEX=1
Trainable parameters: 32,604,280
noise_std=0.05, meters_to_cm=25
Checkpoints every 20 epochs | Logs every 10 epochs
================================================================================
[2025-09-18 11:01:36] RESUME=True | Resuming from 'noisyLSTM_models_seq/noisy_D1_LSTM_40_6_2048_1024_512/epoch_60.pth' (kind=pth, parsed_epoch=60) → start_epoch=61
[2025-09-18 12:49:42] epoch=70 | avg_loss=1.725936 | elapsed_s=6485.01 | lr=9.043821e-04 | ckpt_full='noisyLSTM_models_seq/noisy_D1_LSTM_40_6_2048_1024_512/epoch_70.pt' | ckpt_weights='noisyLSTM_models_seq/noisy_D1_LSTM_40_6_2048_1024_512/epoch_70.pth'
[2025-09-18 14:37:49] epoch=80 | avg_loss=1.725823 | elapsed_s=12972.31 | lr=8.179069e-04 | ckpt_full='noisyLSTM_models_seq/noisy_D1_LSTM_40_6_2048_1024_512/epoch_80.pt' | ckpt_weights='noisyLSTM_models_seq/noisy_D1_LSTM_40_6_2048_1024_512/epoch_80.pth'
[2025-09-18 16:25:56] epoch=90 | avg_loss=1.725747 | elapsed_s=19459.37 | lr=7.397004e-04 | ckpt_full='noisyLSTM_models_seq/noisy_D1_LSTM_40_6_2048_1024_512/epoch_90.pt' | ckpt_weights='noisyLSTM_models_seq/noisy_D1_LSTM_40_6_2048_1024_512/epoch_90.pth'
[2025-09-18 18:14:04] epoch=100 | avg_loss=1.725721 | elapsed_s=25947.63 | lr=6.689718e-04 | ckpt_full='noisyLSTM_models_seq/noisy_D1_LSTM_40_6_2048_1024_512/epoch_100.pt' | ckpt_weights='noisyLSTM_models_seq/noisy_D1_LSTM_40_6_2048_1024_512/epoch_100.pth'
[2025-09-18 20:02:11] epoch=110 | avg_loss=1.725690 | elapsed_s=32434.58 | lr=6.050061e-04 | ckpt_full='noisyLSTM_models_seq/noisy_D1_LSTM_40_6_2048_1024_512/epoch_110.pt' | ckpt_weights='noisyLSTM_models_seq/noisy_D1_LSTM_40_6_2048_1024_512/epoch_110.pth'
[2025-09-18 21:50:17] epoch=120 | avg_loss=1.725684 | elapsed_s=38920.39 | lr=5.471566e-04 | ckpt_full='noisyLSTM_models_seq/noisy_D1_LSTM_40_6_2048_1024_512/epoch_120.pt' | ckpt_weights='noisyLSTM_models_seq/noisy_D1_LSTM_40_6_2048_1024_512/epoch_120.pth'
[2025-09-18 23:38:24] epoch=130 | avg_loss=1.725675 | elapsed_s=45407.55 | lr=4.948387e-04 | ckpt_full='noisyLSTM_models_seq/noisy_D1_LSTM_40_6_2048_1024_512/epoch_130.pt' | ckpt_weights='noisyLSTM_models_seq/noisy_D1_LSTM_40_6_2048_1024_512/epoch_130.pth'
[2025-09-19 01:26:33] epoch=140 | avg_loss=1.725658 | elapsed_s=51896.37 | lr=4.475232e-04 | ckpt_full='noisyLSTM_models_seq/noisy_D1_LSTM_40_6_2048_1024_512/epoch_140.pt' | ckpt_weights='noisyLSTM_models_seq/noisy_D1_LSTM_40_6_2048_1024_512/epoch_140.pth'
[2025-09-19 03:14:41] epoch=150 | avg_loss=1.725706 | elapsed_s=58384.63 | lr=4.047320e-04 | ckpt_full='noisyLSTM_models_seq/noisy_D1_LSTM_40_6_2048_1024_512/epoch_150.pt' | ckpt_weights='noisyLSTM_models_seq/noisy_D1_LSTM_40_6_2048_1024_512/epoch_150.pth'
[2025-09-19 05:02:50] epoch=160 | avg_loss=1.725628 | elapsed_s=64872.96 | lr=3.660323e-04 | ckpt_full='noisyLSTM_models_seq/noisy_D1_LSTM_40_6_2048_1024_512/epoch_160.pt' | ckpt_weights='noisyLSTM_models_seq/noisy_D1_LSTM_40_6_2048_1024_512/epoch_160.pth'
[2025-09-19 06:50:59] epoch=170 | avg_loss=1.725620 | elapsed_s=71362.24 | lr=3.310331e-04 | ckpt_full='noisyLSTM_models_seq/noisy_D1_LSTM_40_6_2048_1024_512/epoch_170.pt' | ckpt_weights='noisyLSTM_models_seq/noisy_D1_LSTM_40_6_2048_1024_512/epoch_170.pth'
[2025-09-19 08:39:08] epoch=180 | avg_loss=1.725627 | elapsed_s=77851.05 | lr=2.993804e-04 | ckpt_full='noisyLSTM_models_seq/noisy_D1_LSTM_40_6_2048_1024_512/epoch_180.pt' | ckpt_weights='noisyLSTM_models_seq/noisy_D1_LSTM_40_6_2048_1024_512/epoch_180.pth'
[2025-09-19 10:27:14] epoch=190 | avg_loss=1.725656 | elapsed_s=84337.26 | lr=2.707543e-04 | ckpt_full='noisyLSTM_models_seq/noisy_D1_LSTM_40_6_2048_1024_512/epoch_190.pt' | ckpt_weights='noisyLSTM_models_seq/noisy_D1_LSTM_40_6_2048_1024_512/epoch_190.pth'
[2025-09-19 12:15:19] epoch=200 | avg_loss=1.725625 | elapsed_s=90822.18 | lr=2.448653e-04 | ckpt_full='noisyLSTM_models_seq/noisy_D1_LSTM_40_6_2048_1024_512/epoch_200.pt' | ckpt_weights='noisyLSTM_models_seq/noisy_D1_LSTM_40_6_2048_1024_512/epoch_200.pth'
================================================================================
[2025-10-03 16:09:24] Starting model: noisy_D1_LSTM_40_6_2048_1024_512
Config: {"hidden_sizes": [2048, 1024, 512], "sequence_length": 800, "output_size": 120, "x_seconds": 4, "w": 10, "learning_rate": 0.0002448653, "batch_size": 256, "epochs": 200}
Device: cuda | GPU_INDEX=1
Trainable parameters: 32,604,280
noise_std=0.05, meters_to_cm=25
Checkpoints every 20 epochs | Logs every 10 epochs
================================================================================
[2025-10-03 16:09:25] RESUME=True | Resuming from 'noisyLSTM_models_seq/noisy_D1_LSTM_40_6_2048_1024_512/epoch_200.pth' (kind=pth, parsed_epoch=200) → start_epoch=201
================================================================================
[2025-10-03 16:18:54] Starting model: noisy_D1_LSTM_40_6_2048_1024_512
Config: {"hidden_sizes": [2048, 1024, 512], "sequence_length": 800, "output_size": 120, "x_seconds": 4, "w": 10, "learning_rate": 0.0002448653, "batch_size": 256, "epochs": 200}
Device: cuda | GPU_INDEX=1
Trainable parameters: 32,604,280
noise_std=0.05, meters_to_cm=25
Checkpoints every 20 epochs | Logs every 10 epochs
================================================================================
[2025-10-03 16:18:55] RESUME=True | Resuming from 'noisyLSTM_models_seq/noisy_D1_LSTM_40_6_2048_1024_512/epoch_200.pth' (kind=pth, parsed_epoch=200) → start_epoch=201
================================================================================
[2025-10-03 16:20:29] Starting model: noisy_D1_LSTM_40_6_2048_1024_512
Config: {"hidden_sizes": [2048, 1024, 512], "sequence_length": 800, "output_size": 120, "x_seconds": 4, "w": 10, "learning_rate": 0.0002448653, "batch_size": 256, "epochs": 200}
Device: cuda | GPU_INDEX=1
Trainable parameters: 32,604,280
noise_std=0.05, meters_to_cm=25
Checkpoints every 20 epochs | Logs every 10 epochs
================================================================================
[2025-10-03 16:20:30] RESUME=True | Resuming from 'noisyLSTM_models_seq/noisy_D1_LSTM_40_6_2048_1024_512/epoch_200.pth' (kind=pth, parsed_epoch=200) → start_epoch=201
--------------------------------------------------------------------------------
[2025-10-03 17:16:09] Training finished in 0.00 s
Final checkpoint used: noisyLSTM_models_seq/noisy_D1_LSTM_40_6_2048_1024_512/epoch_200.pth
Test video saved: noisyprediction_videos/noisy_D1_LSTM_40_6_2048_1024_512.mp4
Average Prediction Time: 0.000683 s
Average Absolute Error (Total): 5.877951 cm
Average Absolute Error (3s): 5.874991 cm
Average Absolute Error (4s): 5.875756 cm
Average Absolute Error (5s): 5.876470 cm
--------------------------------------------------------------------------------

