================================================================================
[2025-10-06 20:02:53] Starting model: noisy_D1_LSTM_40_6_1024_512_256
Config: {"hidden_sizes": [1024, 512, 256], "sequence_length": 800, "output_size": 120, "x_seconds": 4, "w": 10, "learning_rate": 0.001, "batch_size": 256, "epochs": 200}
Device: cuda | GPU_INDEX=1
Trainable parameters: 8,175,736
noise_std=0.05, meters_to_cm=25
Checkpoints every 20 epochs | Logs every 10 epochs
================================================================================
[2025-10-06 20:02:55] RESUME=False | Starting fresh from epoch 1.
[2025-10-06 20:36:23] epoch=10 | avg_loss=0.128009 | elapsed_s=2006.83 | lr=9.043821e-04 | ckpt_full='noisyLSTM_models_seq/noisy_D1_LSTM_40_6_1024_512_256/epoch_10.pt' | ckpt_weights='noisyLSTM_models_seq/noisy_D1_LSTM_40_6_1024_512_256/epoch_10.pth'
[2025-10-06 21:09:50] epoch=20 | avg_loss=0.089949 | elapsed_s=4015.27 | lr=8.179069e-04 | ckpt_full='noisyLSTM_models_seq/noisy_D1_LSTM_40_6_1024_512_256/epoch_20.pt' | ckpt_weights='noisyLSTM_models_seq/noisy_D1_LSTM_40_6_1024_512_256/epoch_20.pth'
[2025-10-06 21:43:18] epoch=30 | avg_loss=0.062040 | elapsed_s=6022.87 | lr=7.397004e-04 | ckpt_full='noisyLSTM_models_seq/noisy_D1_LSTM_40_6_1024_512_256/epoch_30.pt' | ckpt_weights='noisyLSTM_models_seq/noisy_D1_LSTM_40_6_1024_512_256/epoch_30.pth'
[2025-10-06 22:16:47] epoch=40 | avg_loss=0.028019 | elapsed_s=8031.62 | lr=6.689718e-04 | ckpt_full='noisyLSTM_models_seq/noisy_D1_LSTM_40_6_1024_512_256/epoch_40.pt' | ckpt_weights='noisyLSTM_models_seq/noisy_D1_LSTM_40_6_1024_512_256/epoch_40.pth'
[2025-10-06 22:50:16] epoch=50 | avg_loss=0.015366 | elapsed_s=10040.73 | lr=6.050061e-04 | ckpt_full='noisyLSTM_models_seq/noisy_D1_LSTM_40_6_1024_512_256/epoch_50.pt' | ckpt_weights='noisyLSTM_models_seq/noisy_D1_LSTM_40_6_1024_512_256/epoch_50.pth'
[2025-10-06 23:23:44] epoch=60 | avg_loss=0.016912 | elapsed_s=12049.50 | lr=5.471566e-04 | ckpt_full='noisyLSTM_models_seq/noisy_D1_LSTM_40_6_1024_512_256/epoch_60.pt' | ckpt_weights='noisyLSTM_models_seq/noisy_D1_LSTM_40_6_1024_512_256/epoch_60.pth'
[2025-10-06 23:57:13] epoch=70 | avg_loss=0.008257 | elapsed_s=14057.88 | lr=4.948387e-04 | ckpt_full='noisyLSTM_models_seq/noisy_D1_LSTM_40_6_1024_512_256/epoch_70.pt' | ckpt_weights='noisyLSTM_models_seq/noisy_D1_LSTM_40_6_1024_512_256/epoch_70.pth'
[2025-10-07 00:30:41] epoch=80 | avg_loss=0.008572 | elapsed_s=16065.71 | lr=4.475232e-04 | ckpt_full='noisyLSTM_models_seq/noisy_D1_LSTM_40_6_1024_512_256/epoch_80.pt' | ckpt_weights='noisyLSTM_models_seq/noisy_D1_LSTM_40_6_1024_512_256/epoch_80.pth'
[2025-10-07 01:04:08] epoch=90 | avg_loss=0.007353 | elapsed_s=18072.56 | lr=4.047320e-04 | ckpt_full='noisyLSTM_models_seq/noisy_D1_LSTM_40_6_1024_512_256/epoch_90.pt' | ckpt_weights='noisyLSTM_models_seq/noisy_D1_LSTM_40_6_1024_512_256/epoch_90.pth'
[2025-10-07 01:37:42] epoch=100 | avg_loss=0.004164 | elapsed_s=20086.53 | lr=3.660323e-04 | ckpt_full='noisyLSTM_models_seq/noisy_D1_LSTM_40_6_1024_512_256/epoch_100.pt' | ckpt_weights='noisyLSTM_models_seq/noisy_D1_LSTM_40_6_1024_512_256/epoch_100.pth'
[2025-10-07 02:11:12] epoch=110 | avg_loss=0.004417 | elapsed_s=22096.85 | lr=3.310331e-04 | ckpt_full='noisyLSTM_models_seq/noisy_D1_LSTM_40_6_1024_512_256/epoch_110.pt' | ckpt_weights='noisyLSTM_models_seq/noisy_D1_LSTM_40_6_1024_512_256/epoch_110.pth'
[2025-10-07 02:44:45] epoch=120 | avg_loss=0.003259 | elapsed_s=24109.79 | lr=2.993804e-04 | ckpt_full='noisyLSTM_models_seq/noisy_D1_LSTM_40_6_1024_512_256/epoch_120.pt' | ckpt_weights='noisyLSTM_models_seq/noisy_D1_LSTM_40_6_1024_512_256/epoch_120.pth'
[2025-10-07 03:18:16] epoch=130 | avg_loss=0.002986 | elapsed_s=26121.35 | lr=2.707543e-04 | ckpt_full='noisyLSTM_models_seq/noisy_D1_LSTM_40_6_1024_512_256/epoch_130.pt' | ckpt_weights='noisyLSTM_models_seq/noisy_D1_LSTM_40_6_1024_512_256/epoch_130.pth'
[2025-10-07 03:51:47] epoch=140 | avg_loss=0.008971 | elapsed_s=28132.29 | lr=2.448653e-04 | ckpt_full='noisyLSTM_models_seq/noisy_D1_LSTM_40_6_1024_512_256/epoch_140.pt' | ckpt_weights='noisyLSTM_models_seq/noisy_D1_LSTM_40_6_1024_512_256/epoch_140.pth'
[2025-10-07 04:25:21] epoch=150 | avg_loss=0.003315 | elapsed_s=30146.18 | lr=2.214518e-04 | ckpt_full='noisyLSTM_models_seq/noisy_D1_LSTM_40_6_1024_512_256/epoch_150.pt' | ckpt_weights='noisyLSTM_models_seq/noisy_D1_LSTM_40_6_1024_512_256/epoch_150.pth'
[2025-10-07 04:58:52] epoch=160 | avg_loss=0.004034 | elapsed_s=32157.40 | lr=2.002770e-04 | ckpt_full='noisyLSTM_models_seq/noisy_D1_LSTM_40_6_1024_512_256/epoch_160.pt' | ckpt_weights='noisyLSTM_models_seq/noisy_D1_LSTM_40_6_1024_512_256/epoch_160.pth'
[2025-10-07 05:32:25] epoch=170 | avg_loss=0.002472 | elapsed_s=34170.00 | lr=1.811270e-04 | ckpt_full='noisyLSTM_models_seq/noisy_D1_LSTM_40_6_1024_512_256/epoch_170.pt' | ckpt_weights='noisyLSTM_models_seq/noisy_D1_LSTM_40_6_1024_512_256/epoch_170.pth'
[2025-10-07 06:05:59] epoch=180 | avg_loss=0.002044 | elapsed_s=36183.73 | lr=1.638080e-04 | ckpt_full='noisyLSTM_models_seq/noisy_D1_LSTM_40_6_1024_512_256/epoch_180.pt' | ckpt_weights='noisyLSTM_models_seq/noisy_D1_LSTM_40_6_1024_512_256/epoch_180.pth'
[2025-10-07 06:39:30] epoch=190 | avg_loss=0.004496 | elapsed_s=38195.12 | lr=1.481450e-04 | ckpt_full='noisyLSTM_models_seq/noisy_D1_LSTM_40_6_1024_512_256/epoch_190.pt' | ckpt_weights='noisyLSTM_models_seq/noisy_D1_LSTM_40_6_1024_512_256/epoch_190.pth'
[2025-10-07 07:13:05] epoch=200 | avg_loss=0.001899 | elapsed_s=40209.65 | lr=1.339797e-04 | ckpt_full='noisyLSTM_models_seq/noisy_D1_LSTM_40_6_1024_512_256/epoch_200.pt' | ckpt_weights='noisyLSTM_models_seq/noisy_D1_LSTM_40_6_1024_512_256/epoch_200.pth'
--------------------------------------------------------------------------------
[2025-10-07 09:12:23] Training finished in 40209.91 s
Final checkpoint used: noisyLSTM_models_seq/noisy_D1_LSTM_40_6_1024_512_256/epoch_200.pth
Test video saved: noisyprediction_videos/noisy_D1_LSTM_40_6_1024_512_256.mp4
Average Prediction Time: 0.001477 s
Average Absolute Error (Total): 4.015651 cm
Average Absolute Error (3s): 3.435289 cm
Average Absolute Error (4s): 3.541689 cm
Average Absolute Error (5s): 3.779403 cm
--------------------------------------------------------------------------------

